Component: ARM Compiler 6.16 Tool: armlink [5dfeaa00]

==============================================================================

Section Cross References

    startup_stm32f103xb.o(RESET) refers to startup_stm32f103xb.o(STACK) for __initial_sp
    startup_stm32f103xb.o(RESET) refers to startup_stm32f103xb.o(.text) for Reset_Handler
    startup_stm32f103xb.o(RESET) refers to stm32f1xx_it.o(.text.NMI_Handler) for NMI_Handler
    startup_stm32f103xb.o(RESET) refers to stm32f1xx_it.o(.text.HardFault_Handler) for HardFault_Handler
    startup_stm32f103xb.o(RESET) refers to stm32f1xx_it.o(.text.MemManage_Handler) for MemManage_Handler
    startup_stm32f103xb.o(RESET) refers to stm32f1xx_it.o(.text.BusFault_Handler) for BusFault_Handler
    startup_stm32f103xb.o(RESET) refers to stm32f1xx_it.o(.text.UsageFault_Handler) for UsageFault_Handler
    startup_stm32f103xb.o(RESET) refers to stm32f1xx_it.o(.text.SVC_Handler) for SVC_Handler
    startup_stm32f103xb.o(RESET) refers to stm32f1xx_it.o(.text.DebugMon_Handler) for DebugMon_Handler
    startup_stm32f103xb.o(RESET) refers to stm32f1xx_it.o(.text.PendSV_Handler) for PendSV_Handler
    startup_stm32f103xb.o(RESET) refers to stm32f1xx_it.o(.text.SysTick_Handler) for SysTick_Handler
    startup_stm32f103xb.o(.text) refers to system_stm32f1xx.o(.text.SystemInit) for SystemInit
    startup_stm32f103xb.o(.text) refers to entry.o(.ARM.Collect$$$$00000000) for __main
    main.o(.ARM.exidx.text.delay) refers to main.o(.text.delay) for [Anonymous Symbol]
    main.o(.text.max) refers to fmax.o(i.fmax) for fmax
    main.o(.ARM.exidx.text.max) refers to main.o(.text.max) for [Anonymous Symbol]
    main.o(.text.ring_beep) refers to main.o(.bss.ringing) for ringing
    main.o(.text.ring_beep) refers to stm32f1xx_hal_gpio.o(.text.HAL_GPIO_WritePin) for HAL_GPIO_WritePin
    main.o(.ARM.exidx.text.ring_beep) refers to main.o(.text.ring_beep) for [Anonymous Symbol]
    main.o(.text.stop_beep) refers to main.o(.bss.ringing) for ringing
    main.o(.text.stop_beep) refers to stm32f1xx_hal_gpio.o(.text.HAL_GPIO_WritePin) for HAL_GPIO_WritePin
    main.o(.ARM.exidx.text.stop_beep) refers to main.o(.text.stop_beep) for [Anonymous Symbol]
    main.o(.text.adc_getValue) refers to main.o(.bss.adc_on) for adc_on
    main.o(.text.adc_getValue) refers to main.o(.bss.hadc1) for hadc1
    main.o(.text.adc_getValue) refers to main.o(.bss.adc_success) for adc_success
    main.o(.text.adc_getValue) refers to stm32f1xx_hal_adc.o(.text.HAL_ADC_Start) for HAL_ADC_Start
    main.o(.text.adc_getValue) refers to stm32f1xx_hal_adc.o(.text.HAL_ADC_PollForConversion) for HAL_ADC_PollForConversion
    main.o(.text.adc_getValue) refers to main.o(.bss.adc_value) for adc_value
    main.o(.text.adc_getValue) refers to main.o(.bss.adc_volt) for adc_volt
    main.o(.text.adc_getValue) refers to stm32f1xx_hal_adc.o(.text.HAL_ADC_GetValue) for HAL_ADC_GetValue
    main.o(.ARM.exidx.text.adc_getValue) refers to main.o(.text.adc_getValue) for [Anonymous Symbol]
    main.o(.text.scan) refers to stm32f1xx_hal_gpio.o(.text.HAL_GPIO_ReadPin) for HAL_GPIO_ReadPin
    main.o(.text.scan) refers to stm32f1xx_hal_gpio.o(.text.HAL_GPIO_WritePin) for HAL_GPIO_WritePin
    main.o(.text.scan) refers to panels.o(.bss.interface) for interface
    main.o(.text.scan) refers to oled.o(.text.oled_clear) for oled_clear
    main.o(.text.scan) refers to panels.o(.text.show_scale) for show_scale
    main.o(.text.scan) refers to panels.o(.text.show_price_choose) for show_price_choose
    main.o(.text.scan) refers to panels.o(.bss.chosen_fruit) for chosen_fruit
    main.o(.text.scan) refers to main.o(.text.adc_getValue) for adc_getValue
    main.o(.text.scan) refers to dfltui.o(.text) for __aeabi_ui2d
    main.o(.text.scan) refers to dmul.o(.text) for __aeabi_dmul
    main.o(.text.scan) refers to dadd.o(.text) for __aeabi_dadd
    main.o(.text.scan) refers to main.o(.text.max) for max
    main.o(.text.scan) refers to main.o(.bss.skin) for skin
    main.o(.ARM.exidx.text.scan) refers to main.o(.text.scan) for [Anonymous Symbol]
    main.o(.text.main) refers to stm32f1xx_hal.o(.text.HAL_Init) for HAL_Init
    main.o(.text.main) refers to main.o(.text.SystemClock_Config) for SystemClock_Config
    main.o(.text.main) refers to main.o(.text.MX_GPIO_Init) for MX_GPIO_Init
    main.o(.text.main) refers to main.o(.text.MX_I2C1_Init) for MX_I2C1_Init
    main.o(.text.main) refers to main.o(.text.MX_ADC1_Init) for MX_ADC1_Init
    main.o(.text.main) refers to oled.o(.text.oled_init) for oled_init
    main.o(.text.main) refers to oled.o(.text.oled_clear) for oled_clear
    main.o(.text.main) refers to panels.o(.bss.interface) for interface
    main.o(.text.main) refers to panels.o(.text.show_scale) for show_scale
    main.o(.text.main) refers to panels.o(.rodata.price_apple) for price_apple
    main.o(.text.main) refers to main.o(.bss.res) for res
    main.o(.text.main) refers to panels.o(.rodata.price_watermelon) for price_watermelon
[...]
    Removing stm32f1xx_hal_cortex.o(.text.HAL_NVIC_GetPendingIRQ), (8 bytes).
    Removing stm32f1xx_hal_cortex.o(.ARM.exidx.text.HAL_NVIC_GetPendingIRQ), (8 bytes).
    Removing stm32f1xx_hal_cortex.o(.text.__NVIC_GetPendingIRQ), (36 bytes).
    Removing stm32f1xx_hal_cortex.o(.ARM.exidx.text.__NVIC_GetPendingIRQ), (8 bytes).
    Removing stm32f1xx_hal_cortex.o(.text.HAL_NVIC_ClearPendingIRQ), (8 bytes).
    Removing stm32f1xx_hal_cortex.o(.ARM.exidx.text.HAL_NVIC_ClearPendingIRQ), (8 bytes).
    Removing stm32f1xx_hal_cortex.o(.text.__NVIC_ClearPendingIRQ), (32 bytes).
    Removing stm32f1xx_hal_cortex.o(.ARM.exidx.text.__NVIC_ClearPendingIRQ), (8 bytes).
    Removing stm32f1xx_hal_cortex.o(.text.HAL_NVIC_GetActive), (8 bytes).
    Removing stm32f1xx_hal_cortex.o(.ARM.exidx.text.HAL_NVIC_GetActive), (8 bytes).
    Removing stm32f1xx_hal_cortex.o(.text.__NVIC_GetActive), (36 bytes).
    Removing stm32f1xx_hal_cortex.o(.ARM.exidx.text.__NVIC_GetActive), (8 bytes).
    Removing stm32f1xx_hal_cortex.o(.text.HAL_SYSTICK_CLKSourceConfig), (24 bytes).
    Removing stm32f1xx_hal_cortex.o(.ARM.exidx.text.HAL_SYSTICK_CLKSourceConfig), (8 bytes).
    Removing stm32f1xx_hal_cortex.o(.text.HAL_SYSTICK_IRQHandler), (8 bytes).
    Removing stm32f1xx_hal_cortex.o(.ARM.exidx.text.HAL_SYSTICK_IRQHandler), (8 bytes).
    Removing stm32f1xx_hal_cortex.o(.text.HAL_SYSTICK_Callback), (2 bytes).
    Removing stm32f1xx_hal_cortex.o(.ARM.exidx.text.HAL_SYSTICK_Callback), (8 bytes).
    Removing stm32f1xx_hal_pwr.o(.text), (0 bytes).
    Removing stm32f1xx_hal_pwr.o(.text.HAL_PWR_DeInit), (26 bytes).
    Removing stm32f1xx_hal_pwr.o(.ARM.exidx.text.HAL_PWR_DeInit), (8 bytes).
    Removing stm32f1xx_hal_pwr.o(.text.HAL_PWR_EnableBkUpAccess), (12 bytes).
    Removing stm32f1xx_hal_pwr.o(.ARM.exidx.text.HAL_PWR_EnableBkUpAccess), (8 bytes).
    Removing stm32f1xx_hal_pwr.o(.text.HAL_PWR_DisableBkUpAccess), (12 bytes).
    Removing stm32f1xx_hal_pwr.o(.ARM.exidx.text.HAL_PWR_DisableBkUpAccess), (8 bytes).
    Removing stm32f1xx_hal_pwr.o(.text.HAL_PWR_ConfigPVD), (128 bytes).
    Removing stm32f1xx_hal_pwr.o(.ARM.exidx.text.HAL_PWR_ConfigPVD), (8 bytes).
    Removing stm32f1xx_hal_pwr.o(.text.HAL_PWR_EnablePVD), (12 bytes).
    Removing stm32f1xx_hal_pwr.o(.ARM.exidx.text.HAL_PWR_EnablePVD), (8 bytes).
    Removing stm32f1xx_hal_pwr.o(.text.HAL_PWR_DisablePVD), (12 bytes).
    Removing stm32f1xx_hal_pwr.o(.ARM.exidx.text.HAL_PWR_DisablePVD), (8 bytes).
    Removing stm32f1xx_hal_pwr.o(.text.HAL_PWR_EnableWakeUpPin), (22 bytes).
    Removing stm32f1xx_hal_pwr.o(.ARM.exidx.text.HAL_PWR_EnableWakeUpPin), (8 bytes).
    Removing stm32f1xx_hal_pwr.o(.text.HAL_PWR_DisableWakeUpPin), (22 bytes).
    Removing stm32f1xx_hal_pwr.o(.ARM.exidx.text.HAL_PWR_DisableWakeUpPin), (8 bytes).
    Removing stm32f1xx_hal_pwr.o(.text.HAL_PWR_EnterSLEEPMode), (30 bytes).
    Removing stm32f1xx_hal_pwr.o(.ARM.exidx.text.HAL_PWR_EnterSLEEPMode), (8 bytes).
    Removing stm32f1xx_hal_pwr.o(.text.HAL_PWR_EnterSTOPMode), (72 bytes).
    Removing stm32f1xx_hal_pwr.o(.ARM.exidx.text.HAL_PWR_EnterSTOPMode), (8 bytes).
    Removing stm32f1xx_hal_pwr.o(.text.PWR_OverloadWfe), (6 bytes).
    Removing stm32f1xx_hal_pwr.o(.ARM.exidx.text.PWR_OverloadWfe), (8 bytes).
    Removing stm32f1xx_hal_pwr.o(.text.HAL_PWR_EnterSTANDBYMode), (36 bytes).
    Removing stm32f1xx_hal_pwr.o(.ARM.exidx.text.HAL_PWR_EnterSTANDBYMode), (8 bytes).
    Removing stm32f1xx_hal_pwr.o(.text.HAL_PWR_EnableSleepOnExit), (18 bytes).
    Removing stm32f1xx_hal_pwr.o(.ARM.exidx.text.HAL_PWR_EnableSleepOnExit), (8 bytes).
    Removing stm32f1xx_hal_pwr.o(.text.HAL_PWR_DisableSleepOnExit), (18 bytes).
    Removing stm32f1xx_hal_pwr.o(.ARM.exidx.text.HAL_PWR_DisableSleepOnExit), (8 bytes).
    Removing stm32f1xx_hal_pwr.o(.text.HAL_PWR_EnableSEVOnPend), (18 bytes).
    Removing stm32f1xx_hal_pwr.o(.ARM.exidx.text.HAL_PWR_EnableSEVOnPend), (8 bytes).
    Removing stm32f1xx_hal_pwr.o(.text.HAL_PWR_DisableSEVOnPend), (18 bytes).
    Removing stm32f1xx_hal_pwr.o(.ARM.exidx.text.HAL_PWR_DisableSEVOnPend), (8 bytes).
    Removing stm32f1xx_hal_pwr.o(.text.HAL_PWR_PVD_IRQHandler), (30 bytes).
    Removing stm32f1xx_hal_pwr.o(.ARM.exidx.text.HAL_PWR_PVD_IRQHandler), (8 bytes).
    Removing stm32f1xx_hal_pwr.o(.text.HAL_PWR_PVDCallback), (2 bytes).
    Removing stm32f1xx_hal_pwr.o(.ARM.exidx.text.HAL_PWR_PVDCallback), (8 bytes).
    Removing stm32f1xx_hal_flash.o(.text), (0 bytes).
    Removing stm32f1xx_hal_flash.o(.text.HAL_FLASH_Program), (178 bytes).
    Removing stm32f1xx_hal_flash.o(.ARM.exidx.text.HAL_FLASH_Program), (8 bytes).
    Removing stm32f1xx_hal_flash.o(.text.FLASH_WaitForLastOperation), (106 bytes).
    Removing stm32f1xx_hal_flash.o(.ARM.exidx.text.FLASH_WaitForLastOperation), (8 bytes).
    Removing stm32f1xx_hal_flash.o(.text.FLASH_Program_HalfWord), (32 bytes).
    Removing stm32f1xx_hal_flash.o(.ARM.exidx.text.FLASH_Program_HalfWord), (8 bytes).
    Removing stm32f1xx_hal_flash.o(.text.HAL_FLASH_Program_IT), (100 bytes).
    Removing stm32f1xx_hal_flash.o(.ARM.exidx.text.HAL_FLASH_Program_IT), (8 bytes).
    Removing stm32f1xx_hal_flash.o(.text.HAL_FLASH_IRQHandler), (288 bytes).
    Removing stm32f1xx_hal_flash.o(.ARM.exidx.text.HAL_FLASH_IRQHandler), (8 bytes).
    Removing stm32f1xx_hal_flash.o(.text.FLASH_SetErrorCode), (80 bytes).
    Removing stm32f1xx_hal_flash.o(.ARM.exidx.text.FLASH_SetErrorCode), (8 bytes).
    Removing stm32f1xx_hal_flash.o(.text.HAL_FLASH_OperationErrorCallback), (2 bytes).
    Removing stm32f1xx_hal_flash.o(.ARM.exidx.text.HAL_FLASH_OperationErrorCallback), (8 bytes).
    Removing stm32f1xx_hal_flash.o(.text.HAL_FLASH_EndOfOperationCallback), (2 bytes).
    Removing stm32f1xx_hal_flash.o(.ARM.exidx.text.HAL_FLASH_EndOfOperationCallback), (8 bytes).
    Removing stm32f1xx_hal_flash.o(.text.HAL_FLASH_Unlock), (46 bytes).
    Removing stm32f1xx_hal_flash.o(.ARM.exidx.text.HAL_FLASH_Unlock), (8 bytes).
    Removing stm32f1xx_hal_flash.o(.text.HAL_FLASH_Lock), (20 bytes).
    Removing stm32f1xx_hal_flash.o(.ARM.exidx.text.HAL_FLASH_Lock), (8 bytes).
    Removing stm32f1xx_hal_flash.o(.text.HAL_FLASH_OB_Unlock), (42 bytes).
    Removing stm32f1xx_hal_flash.o(.ARM.exidx.text.HAL_FLASH_OB_Unlock), (8 bytes).
    Removing stm32f1xx_hal_flash.o(.text.HAL_FLASH_OB_Lock), (20 bytes).
    Removing stm32f1xx_hal_flash.o(.ARM.exidx.text.HAL_FLASH_OB_Lock), (8 bytes).
    Removing stm32f1xx_hal_flash.o(.text.HAL_FLASH_OB_Launch), (8 bytes).
    Removing stm32f1xx_hal_flash.o(.ARM.exidx.text.HAL_FLASH_OB_Launch), (8 bytes).
    Removing stm32f1xx_hal_flash.o(.text.HAL_FLASH_GetError), (12 bytes).
    Removing stm32f1xx_hal_flash.o(.ARM.exidx.text.HAL_FLASH_GetError), (8 bytes).
    Removing stm32f1xx_hal_flash.o(.bss.pFlash), (32 bytes).
    Removing stm32f1xx_hal_flash_ex.o(.text), (0 bytes).
    Removing stm32f1xx_hal_flash_ex.o(.text.HAL_FLASHEx_Erase), (178 bytes).
    Removing stm32f1xx_hal_flash_ex.o(.ARM.exidx.text.HAL_FLASHEx_Erase), (8 bytes).
    Removing stm32f1xx_hal_flash_ex.o(.text.FLASH_MassErase), (38 bytes).
    Removing stm32f1xx_hal_flash_ex.o(.ARM.exidx.text.FLASH_MassErase), (8 bytes).
    Removing stm32f1xx_hal_flash_ex.o(.text.FLASH_PageErase), (40 bytes).
    Removing stm32f1xx_hal_flash_ex.o(.ARM.exidx.text.FLASH_PageErase), (8 bytes).
    Removing stm32f1xx_hal_flash_ex.o(.text.HAL_FLASHEx_Erase_IT), (88 bytes).
    Removing stm32f1xx_hal_flash_ex.o(.ARM.exidx.text.HAL_FLASHEx_Erase_IT), (8 bytes).
    Removing stm32f1xx_hal_flash_ex.o(.text.HAL_FLASHEx_OBErase), (86 bytes).
    Removing stm32f1xx_hal_flash_ex.o(.ARM.exidx.text.HAL_FLASHEx_OBErase), (8 bytes).
    Removing stm32f1xx_hal_flash_ex.o(.text.FLASH_OB_GetRDP), (22 bytes).
    Removing stm32f1xx_hal_flash_ex.o(.ARM.exidx.text.FLASH_OB_GetRDP), (8 bytes).
    Removing stm32f1xx_hal_flash_ex.o(.text.FLASH_OB_RDP_LevelConfig), (110 bytes).
    Removing stm32f1xx_hal_flash_ex.o(.ARM.exidx.text.FLASH_OB_RDP_LevelConfig), (8 bytes).
    Removing stm32f1xx_hal_flash_ex.o(.text.HAL_FLASHEx_OBProgram), (102 bytes).
    Removing stm32f1xx_hal_flash_ex.o(.ARM.exidx.text.HAL_FLASHEx_OBProgram), (8 bytes).
    Removing stm32f1xx_hal_flash_ex.o(.text.FLASH_OB_EnableWRP), (190 bytes).
    Removing stm32f1xx_hal_flash_ex.o(.ARM.exidx.text.FLASH_OB_EnableWRP), (8 bytes).
    Removing stm32f1xx_hal_flash_ex.o(.text.FLASH_OB_DisableWRP), (190 bytes).
    Removing stm32f1xx_hal_flash_ex.o(.ARM.exidx.text.FLASH_OB_DisableWRP), (8 bytes).
    Removing stm32f1xx_hal_flash_ex.o(.text.FLASH_OB_UserConfig), (78 bytes).
    Removing stm32f1xx_hal_flash_ex.o(.ARM.exidx.text.FLASH_OB_UserConfig), (8 bytes).
    Removing stm32f1xx_hal_flash_ex.o(.text.FLASH_OB_ProgramData), (68 bytes).
    Removing stm32f1xx_hal_flash_ex.o(.ARM.exidx.text.FLASH_OB_ProgramData), (8 bytes).
    Removing stm32f1xx_hal_flash_ex.o(.text.HAL_FLASHEx_OBGetConfig), (28 bytes).
    Removing stm32f1xx_hal_flash_ex.o(.ARM.exidx.text.HAL_FLASHEx_OBGetConfig), (8 bytes).
    Removing stm32f1xx_hal_flash_ex.o(.text.FLASH_OB_GetWRP), (12 bytes).
    Removing stm32f1xx_hal_flash_ex.o(.ARM.exidx.text.FLASH_OB_GetWRP), (8 bytes).
    Removing stm32f1xx_hal_flash_ex.o(.text.FLASH_OB_GetUser), (16 bytes).
    Removing stm32f1xx_hal_flash_ex.o(.ARM.exidx.text.FLASH_OB_GetUser), (8 bytes).
    Removing stm32f1xx_hal_flash_ex.o(.text.HAL_FLASHEx_OBGetUserData), (34 bytes).
    Removing stm32f1xx_hal_flash_ex.o(.ARM.exidx.text.HAL_FLASHEx_OBGetUserData), (8 bytes).
    Removing stm32f1xx_hal_exti.o(.text), (0 bytes).
    Removing stm32f1xx_hal_exti.o(.text.HAL_EXTI_SetConfigLine), (180 bytes).
    Removing stm32f1xx_hal_exti.o(.ARM.exidx.text.HAL_EXTI_SetConfigLine), (8 bytes).
    Removing stm32f1xx_hal_exti.o(.text.HAL_EXTI_GetConfigLine), (154 bytes).
    Removing stm32f1xx_hal_exti.o(.ARM.exidx.text.HAL_EXTI_GetConfigLine), (8 bytes).
    Removing stm32f1xx_hal_exti.o(.text.HAL_EXTI_ClearConfigLine), (136 bytes).
    Removing stm32f1xx_hal_exti.o(.ARM.exidx.text.HAL_EXTI_ClearConfigLine), (8 bytes).
    Removing stm32f1xx_hal_exti.o(.text.HAL_EXTI_RegisterCallback), (12 bytes).
    Removing stm32f1xx_hal_exti.o(.ARM.exidx.text.HAL_EXTI_RegisterCallback), (8 bytes).
    Removing stm32f1xx_hal_exti.o(.text.HAL_EXTI_GetHandle), (12 bytes).
    Removing stm32f1xx_hal_exti.o(.ARM.exidx.text.HAL_EXTI_GetHandle), (8 bytes).
    Removing stm32f1xx_hal_exti.o(.text.HAL_EXTI_IRQHandler), (44 bytes).
    Removing stm32f1xx_hal_exti.o(.ARM.exidx.text.HAL_EXTI_IRQHandler), (8 bytes).
    Removing stm32f1xx_hal_exti.o(.text.HAL_EXTI_GetPending), (28 bytes).
    Removing stm32f1xx_hal_exti.o(.ARM.exidx.text.HAL_EXTI_GetPending), (8 bytes).
    Removing stm32f1xx_hal_exti.o(.text.HAL_EXTI_ClearPending), (24 bytes).
    Removing stm32f1xx_hal_exti.o(.ARM.exidx.text.HAL_EXTI_ClearPending), (8 bytes).
    Removing stm32f1xx_hal_exti.o(.text.HAL_EXTI_GenerateSWI), (24 bytes).
    Removing stm32f1xx_hal_exti.o(.ARM.exidx.text.HAL_EXTI_GenerateSWI), (8 bytes).
    Removing stm32f1xx_hal_i2c.o(.text), (0 bytes).
    Removing stm32f1xx_hal_i2c.o(.ARM.exidx.text.HAL_I2C_Init), (8 bytes).
    Removing stm32f1xx_hal_i2c.o(.text.HAL_I2C_MspInit), (2 bytes).
    Removing stm32f1xx_hal_i2c.o(.ARM.exidx.text.HAL_I2C_MspInit), (8 bytes).
    Removing stm32f1xx_hal_i2c.o(.text.HAL_I2C_DeInit), (54 bytes).
    Removing stm32f1xx_hal_i2c.o(.ARM.exidx.text.HAL_I2C_DeInit), (8 bytes).
    Removing stm32f1xx_hal_i2c.o(.text.HAL_I2C_MspDeInit), (2 bytes).
    Removing stm32f1xx_hal_i2c.o(.ARM.exidx.text.HAL_I2C_MspDeInit), (8 bytes).
    Removing stm32f1xx_hal_i2c.o(.text.HAL_I2C_Master_Transmit), (312 bytes).
    Removing stm32f1xx_hal_i2c.o(.ARM.exidx.text.HAL_I2C_Master_Transmit), (8 bytes).
    Removing stm32f1xx_hal_i2c.o(.ARM.exidx.text.I2C_WaitOnFlagUntilTimeout), (8 bytes).
    Removing stm32f1xx_hal_i2c.o(.text.I2C_MasterRequestWrite), (176 bytes).
    Removing stm32f1xx_hal_i2c.o(.ARM.exidx.text.I2C_MasterRequestWrite), (8 bytes).
    Removing stm32f1xx_hal_i2c.o(.ARM.exidx.text.I2C_WaitOnTXEFlagUntilTimeout), (8 bytes).
    Removing stm32f1xx_hal_i2c.o(.ARM.exidx.text.I2C_WaitOnBTFFlagUntilTimeout), (8 bytes).
    Removing stm32f1xx_hal_i2c.o(.text.HAL_I2C_Master_Receive), (712 bytes).
    Removing stm32f1xx_hal_i2c.o(.ARM.exidx.text.HAL_I2C_Master_Receive), (8 bytes).
    Removing stm32f1xx_hal_i2c.o(.text.I2C_MasterRequestRead), (254 bytes).
    Removing stm32f1xx_hal_i2c.o(.ARM.exidx.text.I2C_MasterRequestRead), (8 bytes).
    Removing stm32f1xx_hal_i2c.o(.text.I2C_WaitOnRXNEFlagUntilTimeout), (94 bytes).
    Removing stm32f1xx_hal_i2c.o(.ARM.exidx.text.I2C_WaitOnRXNEFlagUntilTimeout), (8 bytes).
    Removing stm32f1xx_hal_i2c.o(.text.HAL_I2C_Slave_Transmit), (366 bytes).
    Removing stm32f1xx_hal_i2c.o(.ARM.exidx.text.HAL_I2C_Slave_Transmit), (8 bytes).
    Removing stm32f1xx_hal_i2c.o(.text.HAL_I2C_Slave_Receive), (342 bytes).
    Removing stm32f1xx_hal_i2c.o(.ARM.exidx.text.HAL_I2C_Slave_Receive), (8 bytes).
    Removing stm32f1xx_hal_i2c.o(.text.I2C_WaitOnSTOPFlagUntilTimeout), (74 bytes).
    Removing stm32f1xx_hal_i2c.o(.ARM.exidx.text.I2C_WaitOnSTOPFlagUntilTimeout), (8 bytes).
    Removing stm32f1xx_hal_i2c.o(.text.HAL_I2C_Master_Transmit_IT), (276 bytes).
    Removing stm32f1xx_hal_i2c.o(.ARM.exidx.text.HAL_I2C_Master_Transmit_IT), (8 bytes).
    Removing stm32f1xx_hal_i2c.o(.text.HAL_I2C_Master_Receive_IT), (288 bytes).
    Removing stm32f1xx_hal_i2c.o(.ARM.exidx.text.HAL_I2C_Master_Receive_IT), (8 bytes).
    Removing stm32f1xx_hal_i2c.o(.text.HAL_I2C_Slave_Transmit_IT), (142 bytes).
    Removing stm32f1xx_hal_i2c.o(.ARM.exidx.text.HAL_I2C_Slave_Transmit_IT), (8 bytes).
    Removing stm32f1xx_hal_i2c.o(.text.HAL_I2C_Slave_Receive_IT), (142 bytes).
    Removing stm32f1xx_hal_i2c.o(.ARM.exidx.text.HAL_I2C_Slave_Receive_IT), (8 bytes).
    Removing stm32f1xx_hal_i2c.o(.text.HAL_I2C_Master_Transmit_DMA), (354 bytes).
    Removing stm32f1xx_hal_i2c.o(.ARM.exidx.text.HAL_I2C_Master_Transmit_DMA), (8 bytes).
    Removing stm32f1xx_hal_i2c.o(.text.I2C_DMAXferCplt), (282 bytes).
    Removing stm32f1xx_hal_i2c.o(.ARM.exidx.text.I2C_DMAXferCplt), (8 bytes).
    Removing stm32f1xx_hal_i2c.o(.text.I2C_DMAError), (62 bytes).
    Removing stm32f1xx_hal_i2c.o(.ARM.exidx.text.I2C_DMAError), (8 bytes).
    Removing stm32f1xx_hal_i2c.o(.text.HAL_I2C_Master_Receive_DMA), (350 bytes).
    Removing stm32f1xx_hal_i2c.o(.ARM.exidx.text.HAL_I2C_Master_Receive_DMA), (8 bytes).
    Removing stm32f1xx_hal_i2c.o(.text.HAL_I2C_Slave_Transmit_DMA), (242 bytes).
    Removing stm32f1xx_hal_i2c.o(.ARM.exidx.text.HAL_I2C_Slave_Transmit_DMA), (8 bytes).
    Removing stm32f1xx_hal_i2c.o(.text.HAL_I2C_Slave_Receive_DMA), (234 bytes).
    Removing stm32f1xx_hal_i2c.o(.ARM.exidx.text.HAL_I2C_Slave_Receive_DMA), (8 bytes).
    Removing stm32f1xx_hal_i2c.o(.ARM.exidx.text.HAL_I2C_Mem_Write), (8 bytes).
    Removing stm32f1xx_hal_i2c.o(.ARM.exidx.text.I2C_RequestMemoryWrite), (8 bytes).
    Removing stm32f1xx_hal_i2c.o(.text.HAL_I2C_Mem_Read), (724 bytes).
    Removing stm32f1xx_hal_i2c.o(.ARM.exidx.text.HAL_I2C_Mem_Read), (8 bytes).
    Removing stm32f1xx_hal_i2c.o(.text.I2C_RequestMemoryRead), (268 bytes).
    Removing stm32f1xx_hal_i2c.o(.ARM.exidx.text.I2C_RequestMemoryRead), (8 bytes).
    Removing stm32f1xx_hal_i2c.o(.text.HAL_I2C_Mem_Write_IT), (244 bytes).
    Removing stm32f1xx_hal_i2c.o(.ARM.exidx.text.HAL_I2C_Mem_Write_IT), (8 bytes).
    Removing stm32f1xx_hal_i2c.o(.text.HAL_I2C_Mem_Read_IT), (262 bytes).
    Removing stm32f1xx_hal_i2c.o(.ARM.exidx.text.HAL_I2C_Mem_Read_IT), (8 bytes).
    Removing stm32f1xx_hal_i2c.o(.text.HAL_I2C_Mem_Write_DMA), (408 bytes).
    Removing stm32f1xx_hal_i2c.o(.ARM.exidx.text.HAL_I2C_Mem_Write_DMA), (8 bytes).
    Removing stm32f1xx_hal_i2c.o(.text.HAL_I2C_Mem_Read_DMA), (468 bytes).
    Removing stm32f1xx_hal_i2c.o(.ARM.exidx.text.HAL_I2C_Mem_Read_DMA), (8 bytes).
    Removing stm32f1xx_hal_i2c.o(.text.HAL_I2C_IsDeviceReady), (416 bytes).
    Removing stm32f1xx_hal_i2c.o(.ARM.exidx.text.HAL_I2C_IsDeviceReady), (8 bytes).
    Removing stm32f1xx_hal_i2c.o(.text.HAL_I2C_Master_Seq_Transmit_IT), (278 bytes).
    Removing stm32f1xx_hal_i2c.o(.ARM.exidx.text.HAL_I2C_Master_Seq_Transmit_IT), (8 bytes).
    Removing stm32f1xx_hal_i2c.o(.text.HAL_I2C_Master_Seq_Transmit_DMA), (426 bytes).
    Removing stm32f1xx_hal_i2c.o(.ARM.exidx.text.HAL_I2C_Master_Seq_Transmit_DMA), (8 bytes).
    Removing stm32f1xx_hal_i2c.o(.text.HAL_I2C_Master_Seq_Receive_IT), (342 bytes).
    Removing stm32f1xx_hal_i2c.o(.ARM.exidx.text.HAL_I2C_Master_Seq_Receive_IT), (8 bytes).
    Removing stm32f1xx_hal_i2c.o(.text.HAL_I2C_Master_Seq_Receive_DMA), (524 bytes).
    Removing stm32f1xx_hal_i2c.o(.ARM.exidx.text.HAL_I2C_Master_Seq_Receive_DMA), (8 bytes).
    Removing stm32f1xx_hal_i2c.o(.text.HAL_I2C_Slave_Seq_Transmit_IT), (172 bytes).
    Removing stm32f1xx_hal_i2c.o(.ARM.exidx.text.HAL_I2C_Slave_Seq_Transmit_IT), (8 bytes).
    Removing stm32f1xx_hal_i2c.o(.text.HAL_I2C_Slave_Seq_Transmit_DMA), (356 bytes).
    Removing stm32f1xx_hal_i2c.o(.ARM.exidx.text.HAL_I2C_Slave_Seq_Transmit_DMA), (8 bytes).
    Removing stm32f1xx_hal_i2c.o(.text.I2C_DMAAbort), (224 bytes).
    Removing stm32f1xx_hal_i2c.o(.ARM.exidx.text.I2C_DMAAbort), (8 bytes).
    Removing stm32f1xx_hal_i2c.o(.text.HAL_I2C_Slave_Seq_Receive_IT), (172 bytes).
    Removing stm32f1xx_hal_i2c.o(.ARM.exidx.text.HAL_I2C_Slave_Seq_Receive_IT), (8 bytes).
    Removing stm32f1xx_hal_i2c.o(.text.HAL_I2C_Slave_Seq_Receive_DMA), (354 bytes).
    Removing stm32f1xx_hal_i2c.o(.ARM.exidx.text.HAL_I2C_Slave_Seq_Receive_DMA), (8 bytes).
    Removing stm32f1xx_hal_i2c.o(.text.HAL_I2C_EnableListen_IT), (54 bytes).
    Removing stm32f1xx_hal_i2c.o(.ARM.exidx.text.HAL_I2C_EnableListen_IT), (8 bytes).
    Removing stm32f1xx_hal_i2c.o(.text.HAL_I2C_DisableListen_IT), (64 bytes).
    Removing stm32f1xx_hal_i2c.o(.ARM.exidx.text.HAL_I2C_DisableListen_IT), (8 bytes).
    Removing stm32f1xx_hal_i2c.o(.text.HAL_I2C_Master_Abort_IT), (84 bytes).
    Removing stm32f1xx_hal_i2c.o(.ARM.exidx.text.HAL_I2C_Master_Abort_IT), (8 bytes).
    Removing stm32f1xx_hal_i2c.o(.text.I2C_ITError), (336 bytes).
    Removing stm32f1xx_hal_i2c.o(.ARM.exidx.text.I2C_ITError), (8 bytes).
    Removing stm32f1xx_hal_i2c.o(.text.HAL_I2C_EV_IRQHandler), (412 bytes).
    Removing stm32f1xx_hal_i2c.o(.ARM.exidx.text.HAL_I2C_EV_IRQHandler), (8 bytes).
    Removing stm32f1xx_hal_i2c.o(.text.I2C_ConvertOtherXferOptions), (30 bytes).
    Removing stm32f1xx_hal_i2c.o(.ARM.exidx.text.I2C_ConvertOtherXferOptions), (8 bytes).
    Removing stm32f1xx_hal_i2c.o(.text.I2C_Master_SB), (136 bytes).
    Removing stm32f1xx_hal_i2c.o(.ARM.exidx.text.I2C_Master_SB), (8 bytes).
    Removing stm32f1xx_hal_i2c.o(.text.I2C_Master_ADD10), (38 bytes).
    Removing stm32f1xx_hal_i2c.o(.ARM.exidx.text.I2C_Master_ADD10), (8 bytes).
    Removing stm32f1xx_hal_i2c.o(.text.I2C_Master_ADDR), (468 bytes).
    Removing stm32f1xx_hal_i2c.o(.ARM.exidx.text.I2C_Master_ADDR), (8 bytes).
    Removing stm32f1xx_hal_i2c.o(.text.I2C_MasterTransmit_TXE), (184 bytes).
    Removing stm32f1xx_hal_i2c.o(.ARM.exidx.text.I2C_MasterTransmit_TXE), (8 bytes).
    Removing stm32f1xx_hal_i2c.o(.text.I2C_MasterTransmit_BTF), (136 bytes).
    Removing stm32f1xx_hal_i2c.o(.ARM.exidx.text.I2C_MasterTransmit_BTF), (8 bytes).
    Removing stm32f1xx_hal_i2c.o(.text.I2C_MemoryTransmit_TXE_BTF), (166 bytes).
    Removing stm32f1xx_hal_i2c.o(.ARM.exidx.text.I2C_MemoryTransmit_TXE_BTF), (8 bytes).
    Removing stm32f1xx_hal_i2c.o(.text.I2C_MasterReceive_RXNE), (200 bytes).
    Removing stm32f1xx_hal_i2c.o(.ARM.exidx.text.I2C_MasterReceive_RXNE), (8 bytes).
    Removing stm32f1xx_hal_i2c.o(.text.I2C_MasterReceive_BTF), (232 bytes).
    Removing stm32f1xx_hal_i2c.o(.ARM.exidx.text.I2C_MasterReceive_BTF), (8 bytes).
    Removing stm32f1xx_hal_i2c.o(.text.I2C_Slave_ADDR), (84 bytes).
    Removing stm32f1xx_hal_i2c.o(.ARM.exidx.text.I2C_Slave_ADDR), (8 bytes).
    Removing stm32f1xx_hal_i2c.o(.text.I2C_Slave_STOPF), (354 bytes).
    Removing stm32f1xx_hal_i2c.o(.ARM.exidx.text.I2C_Slave_STOPF), (8 bytes).
    Removing stm32f1xx_hal_i2c.o(.text.I2C_SlaveTransmit_TXE), (72 bytes).
    Removing stm32f1xx_hal_i2c.o(.ARM.exidx.text.I2C_SlaveTransmit_TXE), (8 bytes).
    Removing stm32f1xx_hal_i2c.o(.text.I2C_SlaveTransmit_BTF), (28 bytes).
    Removing stm32f1xx_hal_i2c.o(.ARM.exidx.text.I2C_SlaveTransmit_BTF), (8 bytes).
    Removing stm32f1xx_hal_i2c.o(.text.I2C_SlaveReceive_RXNE), (76 bytes).
    Removing stm32f1xx_hal_i2c.o(.ARM.exidx.text.I2C_SlaveReceive_RXNE), (8 bytes).
    Removing stm32f1xx_hal_i2c.o(.text.I2C_SlaveReceive_BTF), (30 bytes).
    Removing stm32f1xx_hal_i2c.o(.ARM.exidx.text.I2C_SlaveReceive_BTF), (8 bytes).
    Removing stm32f1xx_hal_i2c.o(.text.HAL_I2C_ER_IRQHandler), (178 bytes).
    Removing stm32f1xx_hal_i2c.o(.ARM.exidx.text.HAL_I2C_ER_IRQHandler), (8 bytes).
    Removing stm32f1xx_hal_i2c.o(.text.I2C_Slave_AF), (144 bytes).
    Removing stm32f1xx_hal_i2c.o(.ARM.exidx.text.I2C_Slave_AF), (8 bytes).
    Removing stm32f1xx_hal_i2c.o(.text.HAL_I2C_MasterTxCpltCallback), (2 bytes).
    Removing stm32f1xx_hal_i2c.o(.ARM.exidx.text.HAL_I2C_MasterTxCpltCallback), (8 bytes).
    Removing stm32f1xx_hal_i2c.o(.text.HAL_I2C_MasterRxCpltCallback), (2 bytes).
    Removing stm32f1xx_hal_i2c.o(.ARM.exidx.text.HAL_I2C_MasterRxCpltCallback), (8 bytes).
    Removing stm32f1xx_hal_i2c.o(.text.HAL_I2C_SlaveTxCpltCallback), (2 bytes).
    Removing stm32f1xx_hal_i2c.o(.ARM.exidx.text.HAL_I2C_SlaveTxCpltCallback), (8 bytes).
    Removing stm32f1xx_hal_i2c.o(.text.HAL_I2C_SlaveRxCpltCallback), (2 bytes).
    Removing stm32f1xx_hal_i2c.o(.ARM.exidx.text.HAL_I2C_SlaveRxCpltCallback), (8 bytes).
    Removing stm32f1xx_hal_i2c.o(.text.HAL_I2C_AddrCallback), (2 bytes).
    Removing stm32f1xx_hal_i2c.o(.ARM.exidx.text.HAL_I2C_AddrCallback), (8 bytes).
    Removing stm32f1xx_hal_i2c.o(.text.HAL_I2C_ListenCpltCallback), (2 bytes).
    Removing stm32f1xx_hal_i2c.o(.ARM.exidx.text.HAL_I2C_ListenCpltCallback), (8 bytes).
    Removing stm32f1xx_hal_i2c.o(.text.HAL_I2C_MemTxCpltCallback), (2 bytes).
    Removing stm32f1xx_hal_i2c.o(.ARM.exidx.text.HAL_I2C_MemTxCpltCallback), (8 bytes).
    Removing stm32f1xx_hal_i2c.o(.text.HAL_I2C_MemRxCpltCallback), (2 bytes).
    Removing stm32f1xx_hal_i2c.o(.ARM.exidx.text.HAL_I2C_MemRxCpltCallback), (8 bytes).
    Removing stm32f1xx_hal_i2c.o(.text.HAL_I2C_ErrorCallback), (2 bytes).
    Removing stm32f1xx_hal_i2c.o(.ARM.exidx.text.HAL_I2C_ErrorCallback), (8 bytes).
    Removing stm32f1xx_hal_i2c.o(.text.HAL_I2C_AbortCpltCallback), (2 bytes).
    Removing stm32f1xx_hal_i2c.o(.ARM.exidx.text.HAL_I2C_AbortCpltCallback), (8 bytes).
    Removing stm32f1xx_hal_i2c.o(.text.HAL_I2C_GetState), (6 bytes).
    Removing stm32f1xx_hal_i2c.o(.ARM.exidx.text.HAL_I2C_GetState), (8 bytes).
    Removing stm32f1xx_hal_i2c.o(.text.HAL_I2C_GetMode), (6 bytes).
    Removing stm32f1xx_hal_i2c.o(.ARM.exidx.text.HAL_I2C_GetMode), (8 bytes).
    Removing stm32f1xx_hal_i2c.o(.text.HAL_I2C_GetError), (4 bytes).
    Removing stm32f1xx_hal_i2c.o(.ARM.exidx.text.HAL_I2C_GetError), (8 bytes).
    Removing stm32f1xx_hal_i2c.o(.text.I2C_WaitOnSTOPRequestThroughIT), (78 bytes).
    Removing stm32f1xx_hal_i2c.o(.ARM.exidx.text.I2C_WaitOnSTOPRequestThroughIT), (8 bytes).
    Removing stm32f1xx_hal_i2c.o(.ARM.exidx.text.I2C_WaitOnMasterAddressFlagUntilTimeout), (8 bytes).
    Removing stm32f1xx_hal_i2c.o(.ARM.exidx.text.I2C_IsAcknowledgeFailed), (8 bytes).
    Removing stm32f1xx_hal_tim.o(.text), (0 bytes).
    Removing stm32f1xx_hal_tim_ex.o(.text), (0 bytes).
    Removing system_stm32f1xx.o(.text), (0 bytes).
    Removing system_stm32f1xx.o(.ARM.exidx.text.SystemInit), (8 bytes).
    Removing system_stm32f1xx.o(.text.SystemCoreClockUpdate), (110 bytes).
    Removing system_stm32f1xx.o(.ARM.exidx.text.SystemCoreClockUpdate), (8 bytes).
    Removing oled.o(.text), (0 bytes).
    Removing oled.o(.ARM.exidx.text.oled_clear), (8 bytes).
    Removing oled.o(.ARM.exidx.text.oled_cmd), (8 bytes).
    Removing oled.o(.ARM.exidx.text.oled_data), (8 bytes).
    Removing oled.o(.ARM.exidx.text.oled_full), (8 bytes).
    Removing oled.o(.ARM.exidx.text.oled_init), (8 bytes).
    Removing oled.o(.ARM.exidx.text.oled_show_string), (8 bytes).
    Removing oled.o(.ARM.exidx.text.oled_origin), (8 bytes).
    Removing oled.o(.text.oled_display_char), (138 bytes).
    Removing oled.o(.ARM.exidx.text.oled_display_char), (8 bytes).
    Removing oled.o(.ARM.exidx.text.oled_show_character), (8 bytes).
    Removing oled.o(.ARM.exidx.text.oled_clear_specific_area), (8 bytes).
    Removing oled.o(.rodata.uestc_badage), (770 bytes).
    Removing panels.o(.text), (0 bytes).
    Removing panels.o(.ARM.exidx.text.show_price_choose), (8 bytes).
    Removing panels.o(.ARM.exidx.text.show_scale), (8 bytes).

579 unused section(s) (total 28866 bytes) removed from the image.

==============================================================================

Image Symbol Table

    Local Symbols

    Symbol Name                              Value     Ov Type        Size  Object(Section)

    ../clib/division.s                       0x00000000   Number         0  aeabi_sdiv.o ABSOLUTE
    ../clib/microlib/division.c              0x00000000   Number         0  uidiv.o ABSOLUTE
    ../clib/microlib/division.c              0x00000000   Number         0  uldiv.o ABSOLUTE
    ../clib/microlib/init/entry.s            0x00000000   Number         0  entry.o ABSOLUTE
    ../clib/microlib/init/entry.s            0x00000000   Number         0  entry2.o ABSOLUTE
    ../clib/microlib/init/entry.s            0x00000000   Number         0  entry5.o ABSOLUTE
    ../clib/microlib/init/entry.s            0x00000000   Number         0  entry7a.o ABSOLUTE
    ../clib/microlib/init/entry.s            0x00000000   Number         0  entry7b.o ABSOLUTE
    ../clib/microlib/init/entry.s            0x00000000   Number         0  entry8a.o ABSOLUTE
    ../clib/microlib/init/entry.s            0x00000000   Number         0  entry8b.o ABSOLUTE
    ../clib/microlib/init/entry.s            0x00000000   Number         0  entry9a.o ABSOLUTE
    ../clib/microlib/init/entry.s            0x00000000   Number         0  entry9b.o ABSOLUTE
    ../clib/microlib/init/entry.s            0x00000000   Number         0  entry10a.o ABSOLUTE
    ../clib/microlib/init/entry.s            0x00000000   Number         0  entry10b.o ABSOLUTE
    ../clib/microlib/init/entry.s            0x00000000   Number         0  entry11a.o ABSOLUTE
    ../clib/microlib/init/entry.s            0x00000000   Number         0  entry11b.o ABSOLUTE
    ../clib/microlib/longlong.c              0x00000000   Number         0  llshl.o ABSOLUTE
    ../clib/microlib/longlong.c              0x00000000   Number         0  llsshr.o ABSOLUTE
    ../clib/microlib/longlong.c              0x00000000   Number         0  llushr.o ABSOLUTE
    ../clib/microlib/printf/printf.c         0x00000000   Number         0  printfb.o ABSOLUTE
    ../clib/microlib/printf/printf.c         0x00000000   Number         0  printf0.o ABSOLUTE
    ../clib/microlib/printf/printf.c         0x00000000   Number         0  printf1.o ABSOLUTE
    ../clib/microlib/printf/printf.c         0x00000000   Number         0  printf2.o ABSOLUTE
    ../clib/microlib/printf/printf.c         0x00000000   Number         0  printf3.o ABSOLUTE
    ../clib/microlib/printf/printf.c         0x00000000   Number         0  printf4.o ABSOLUTE
    ../clib/microlib/printf/printf.c         0x00000000   Number         0  printf5.o ABSOLUTE
    ../clib/microlib/printf/printf.c         0x00000000   Number         0  printf6.o ABSOLUTE
    ../clib/microlib/printf/printf.c         0x00000000   Number         0  printf7.o ABSOLUTE
    ../clib/microlib/printf/printf.c         0x00000000   Number         0  printf8.o ABSOLUTE
    ../clib/microlib/printf/printf.c         0x00000000   Number         0  printfa.o ABSOLUTE
    ../clib/microlib/printf/stubs.s          0x00000000   Number         0  printfstubs.o ABSOLUTE
    ../clib/microlib/stdio/fputc.c           0x00000000   Number         0  fputc.o ABSOLUTE
    ../clib/microlib/stdio/fputc.c           0x00000000   Number         0  fputc_h.o ABSOLUTE
    ../clib/microlib/stdio/semi.s            0x00000000   Number         0  semi.o ABSOLUTE
    ../clib/microlib/stdio/streams.c         0x00000000   Number         0  stdout.o ABSOLUTE
    ../clib/microlib/string/memset.c         0x00000000   Number         0  memseta.o ABSOLUTE
    ../clib/microlib/stubs.s                 0x00000000   Number         0  iusefp.o ABSOLUTE
    ../clib/microlib/stubs.s                 0x00000000   Number         0  iusesemip.o ABSOLUTE
    ../fplib/microlib/fpadd.c                0x00000000   Number         0  dadd.o ABSOLUTE
    ../fplib/microlib/fpcmp.c                0x00000000   Number         0  dcmple.o ABSOLUTE
    ../fplib/microlib/fpcmp4.c               0x00000000   Number         0  dcmp4.o ABSOLUTE
    ../fplib/microlib/fpdiv.c                0x00000000   Number         0  ddiv.o ABSOLUTE
    ../fplib/microlib/fpepilogue.c           0x00000000   Number         0  depilogue.o ABSOLUTE
    ../fplib/microlib/fpfix.c                0x00000000   Number         0  dfixul.o ABSOLUTE
    ../fplib/microlib/fpflt.c                0x00000000   Number         0  dfltui.o ABSOLUTE
    ../fplib/microlib/fpmul.c                0x00000000   Number         0  dmul.o ABSOLUTE
    ../mathlib/fmax.c                        0x00000000   Number         0  fmax.o ABSOLUTE
    cdrcmple.s                               0x00000000   Number         0  cdrcmple.o ABSOLUTE
    dc.s                                     0x00000000   Number         0  dc.o ABSOLUTE
    handlers.s                               0x00000000   Number         0  handlers.o ABSOLUTE
    init.s                                   0x00000000   Number         0  init.o ABSOLUTE
    main.c                                   0x00000000   Number         0  main.o ABSOLUTE
    oled.c                                   0x00000000   Number         0  oled.o ABSOLUTE
    panels.c                                 0x00000000   Number         0  panels.o ABSOLUTE
    startup_stm32f103xb.s                    0x00000000   Number         0  startup_stm32f103xb.o ABSOLUTE
    stm32f1xx_hal.c                          0x00000000   Number         0  stm32f1xx_hal.o ABSOLUTE
    stm32f1xx_hal_adc.c                      0x00000000   Number         0  stm32f1xx_hal_adc.o ABSOLUTE
    stm32f1xx_hal_adc_ex.c                   0x00000000   Number         0  stm32f1xx_hal_adc_ex.o ABSOLUTE
    stm32f1xx_hal_cortex.c                   0x00000000   Number         0  stm32f1xx_hal_cortex.o ABSOLUTE
    stm32f1xx_hal_dma.c                      0x00000000   Number         0  stm32f1xx_hal_dma.o ABSOLUTE
    stm32f1xx_hal_exti.c                     0x00000000   Number         0  stm32f1xx_hal_exti.o ABSOLUTE
    stm32f1xx_hal_flash.c                    0x00000000   Number         0  stm32f1xx_hal_flash.o ABSOLUTE
    stm32f1xx_hal_flash_ex.c                 0x00000000   Number         0  stm32f1xx_hal_flash_ex.o ABSOLUTE
    stm32f1xx_hal_gpio.c                     0x00000000   Number         0  stm32f1xx_hal_gpio.o ABSOLUTE
    stm32f1xx_hal_gpio_ex.c                  0x00000000   Number         0  stm32f1xx_hal_gpio_ex.o ABSOLUTE
    stm32f1xx_hal_i2c.c                      0x00000000   Number         0  stm32f1xx_hal_i2c.o ABSOLUTE
    stm32f1xx_hal_msp.c                      0x00000000   Number         0  stm32f1xx_hal_msp.o ABSOLUTE
    stm32f1xx_hal_pwr.c                      0x00000000   Number         0  stm32f1xx_hal_pwr.o ABSOLUTE
    stm32f1xx_hal_rcc.c                      0x00000000   Number         0  stm32f1xx_hal_rcc.o ABSOLUTE
    stm32f1xx_hal_rcc_ex.c                   0x00000000   Number         0  stm32f1xx_hal_rcc_ex.o ABSOLUTE
    stm32f1xx_hal_tim.c                      0x00000000   Number         0  stm32f1xx_hal_tim.o ABSOLUTE
    stm32f1xx_hal_tim_ex.c                   0x00000000   Number         0  stm32f1xx_hal_tim_ex.o ABSOLUTE
    stm32f1xx_it.c                           0x00000000   Number         0  stm32f1xx_it.o ABSOLUTE
    system_stm32f1xx.c                       0x00000000   Number         0  system_stm32f1xx.o ABSOLUTE
    RESET                                    0x08000000   Section      236  startup_stm32f103xb.o(RESET)
    .ARM.Collect$$$$00000000                 0x080000ec   Section        0  entry.o(.ARM.Collect$$$$00000000)
    .ARM.Collect$$$$00000001                 0x080000ec   Section        4  entry2.o(.ARM.Collect$$$$00000001)
    .ARM.Collect$$$$00000004                 0x080000f0   Section        4  entry5.o(.ARM.Collect$$$$00000004)
    .ARM.Collect$$$$00000008                 0x080000f4   Section        0  entry7b.o(.ARM.Collect$$$$00000008)
    .ARM.Collect$$$$0000000A                 0x080000f4   Section        0  entry8b.o(.ARM.Collect$$$$0000000A)
    .ARM.Collect$$$$0000000B                 0x080000f4   Section        8  entry9a.o(.ARM.Collect$$$$0000000B)
    __lit__00000000                          0x080000fc   Data           4  entry2.o(.ARM.Collect$$$$00002712)
    .ARM.Collect$$$$0000000D                 0x080000fc   Section        0  entry10a.o(.ARM.Collect$$$$0000000D)
    .ARM.Collect$$$$0000000F                 0x080000fc   Section        0  entry11a.o(.ARM.Collect$$$$0000000F)
    .ARM.Collect$$$$00002712                 0x080000fc   Section        4  entry2.o(.ARM.Collect$$$$00002712)
    .text                                    0x08000100   Section       36  startup_stm32f103xb.o(.text)
    .text                                    0x08000124   Section        0  memseta.o(.text)
    .text                                    0x08000148   Section        0  dadd.o(.text)
    .text                                    0x08000296   Section        0  dmul.o(.text)
    .text                                    0x0800037a   Section        0  dcmple.o(.text)
    .text                                    0x080003b0   Section        0  dfltui.o(.text)
    .text                                    0x080003ca   Section        0  uidiv.o(.text)
    .text                                    0x080003f6   Section        0  uldiv.o(.text)
    .text                                    0x08000458   Section        0  llshl.o(.text)
    .text                                    0x08000476   Section        0  llsshr.o(.text)
    .text                                    0x0800049a   Section        0  iusefp.o(.text)
    .text                                    0x0800049a   Section        0  depilogue.o(.text)
    .text                                    0x08000554   Section        0  ddiv.o(.text)
    .text                                    0x08000632   Section        0  dfixul.o(.text)
    .text                                    0x08000664   Section       48  cdrcmple.o(.text)
    .text                                    0x08000694   Section        0  dcmp4.o(.text)
    .text                                    0x080006f4   Section       36  init.o(.text)
    .text                                    0x08000718   Section        0  llushr.o(.text)
    [Anonymous Symbol]                       0x08000738   Section        0  stm32f1xx_hal_adc.o(.text.ADC_ConversionStop_Disable)
    [Anonymous Symbol]                       0x08000790   Section        0  stm32f1xx_hal_adc.o(.text.ADC_Enable)
    [Anonymous Symbol]                       0x08000824   Section        0  stm32f1xx_it.o(.text.BusFault_Handler)
    [Anonymous Symbol]                       0x08000828   Section        0  stm32f1xx_it.o(.text.DebugMon_Handler)
    [Anonymous Symbol]                       0x0800082c   Section        0  main.o(.text.Error_Handler)
    [Anonymous Symbol]                       0x08000838   Section        0  stm32f1xx_hal_adc.o(.text.HAL_ADC_ConfigChannel)
    [Anonymous Symbol]                       0x08000948   Section        0  stm32f1xx_hal_adc.o(.text.HAL_ADC_GetValue)
    [Anonymous Symbol]                       0x08000950   Section        0  stm32f1xx_hal_adc.o(.text.HAL_ADC_Init)
    [Anonymous Symbol]                       0x08000a68   Section        0  stm32f1xx_hal_msp.o(.text.HAL_ADC_MspInit)
    [Anonymous Symbol]                       0x08000ad0   Section        0  stm32f1xx_hal_adc.o(.text.HAL_ADC_PollForConversion)
    [Anonymous Symbol]                       0x08000c5c   Section        0  stm32f1xx_hal_adc.o(.text.HAL_ADC_Start)
    [Anonymous Symbol]                       0x08000d3c   Section        0  stm32f1xx_hal.o(.text.HAL_Delay)
    [Anonymous Symbol]                       0x08000d64   Section        0  stm32f1xx_hal_gpio.o(.text.HAL_GPIO_Init)
    [Anonymous Symbol]                       0x08000f60   Section        0  stm32f1xx_hal_gpio.o(.text.HAL_GPIO_ReadPin)
    [Anonymous Symbol]                       0x08000f6c   Section        0  stm32f1xx_hal_gpio.o(.text.HAL_GPIO_WritePin)
    [Anonymous Symbol]                       0x08000f78   Section        0  stm32f1xx_hal.o(.text.HAL_GetTick)
    [Anonymous Symbol]                       0x08000f84   Section        0  stm32f1xx_hal_i2c.o(.text.HAL_I2C_Init)
    [Anonymous Symbol]                       0x0800111c   Section        0  stm32f1xx_hal_i2c.o(.text.HAL_I2C_Mem_Write)
    [Anonymous Symbol]                       0x08001248   Section        0  stm32f1xx_hal_msp.o(.text.HAL_I2C_MspInit)
    [Anonymous Symbol]                       0x080012b0   Section        0  stm32f1xx_hal.o(.text.HAL_IncTick)
    [Anonymous Symbol]                       0x080012cc   Section        0  stm32f1xx_hal.o(.text.HAL_Init)
    [Anonymous Symbol]                       0x080012f4   Section        0  stm32f1xx_hal.o(.text.HAL_InitTick)
    [Anonymous Symbol]                       0x08001344   Section        0  stm32f1xx_hal_msp.o(.text.HAL_MspInit)
    [Anonymous Symbol]                       0x08001388   Section        0  stm32f1xx_hal_cortex.o(.text.HAL_NVIC_SetPriority)
    [Anonymous Symbol]                       0x080013a8   Section        0  stm32f1xx_hal_cortex.o(.text.HAL_NVIC_SetPriorityGrouping)
    [Anonymous Symbol]                       0x080013b0   Section        0  stm32f1xx_hal_rcc_ex.o(.text.HAL_RCCEx_GetPeriphCLKFreq)
    [Anonymous Symbol]                       0x080014a4   Section        0  stm32f1xx_hal_rcc_ex.o(.text.HAL_RCCEx_PeriphCLKConfig)
    [Anonymous Symbol]                       0x080015ac   Section        0  stm32f1xx_hal_rcc.o(.text.HAL_RCC_ClockConfig)
    [Anonymous Symbol]                       0x08001720   Section        0  stm32f1xx_hal_rcc.o(.text.HAL_RCC_GetHCLKFreq)
    [Anonymous Symbol]                       0x0800172c   Section        0  stm32f1xx_hal_rcc.o(.text.HAL_RCC_GetPCLK1Freq)
    [Anonymous Symbol]                       0x08001750   Section        0  stm32f1xx_hal_rcc.o(.text.HAL_RCC_GetPCLK2Freq)
    [Anonymous Symbol]                       0x08001774   Section        0  stm32f1xx_hal_rcc.o(.text.HAL_RCC_GetSysClockFreq)
    [Anonymous Symbol]                       0x080017d4   Section        0  stm32f1xx_hal_rcc.o(.text.HAL_RCC_OscConfig)
    [Anonymous Symbol]                       0x08001ae0   Section        0  stm32f1xx_hal_cortex.o(.text.HAL_SYSTICK_Config)
    [Anonymous Symbol]                       0x08001ae8   Section        0  stm32f1xx_it.o(.text.HardFault_Handler)
    I2C_IsAcknowledgeFailed                  0x08001aed   Thumb Code    48  stm32f1xx_hal_i2c.o(.text.I2C_IsAcknowledgeFailed)
    [Anonymous Symbol]                       0x08001aec   Section        0  stm32f1xx_hal_i2c.o(.text.I2C_IsAcknowledgeFailed)
    I2C_RequestMemoryWrite                   0x08001b1d   Thumb Code   192  stm32f1xx_hal_i2c.o(.text.I2C_RequestMemoryWrite)
    [Anonymous Symbol]                       0x08001b1c   Section        0  stm32f1xx_hal_i2c.o(.text.I2C_RequestMemoryWrite)
    I2C_WaitOnBTFFlagUntilTimeout            0x08001bdd   Thumb Code    94  stm32f1xx_hal_i2c.o(.text.I2C_WaitOnBTFFlagUntilTimeout)
    [Anonymous Symbol]                       0x08001bdc   Section        0  stm32f1xx_hal_i2c.o(.text.I2C_WaitOnBTFFlagUntilTimeout)
    I2C_WaitOnFlagUntilTimeout               0x08001c3d   Thumb Code   116  stm32f1xx_hal_i2c.o(.text.I2C_WaitOnFlagUntilTimeout)
    [Anonymous Symbol]                       0x08001c3c   Section        0  stm32f1xx_hal_i2c.o(.text.I2C_WaitOnFlagUntilTimeout)
    I2C_WaitOnMasterAddressFlagUntilTimeout  0x08001cb1   Thumb Code   140  stm32f1xx_hal_i2c.o(.text.I2C_WaitOnMasterAddressFlagUntilTimeout)
    [Anonymous Symbol]                       0x08001cb0   Section        0  stm32f1xx_hal_i2c.o(.text.I2C_WaitOnMasterAddressFlagUntilTimeout)
    I2C_WaitOnTXEFlagUntilTimeout            0x08001d3d   Thumb Code    94  stm32f1xx_hal_i2c.o(.text.I2C_WaitOnTXEFlagUntilTimeout)
    [Anonymous Symbol]                       0x08001d3c   Section        0  stm32f1xx_hal_i2c.o(.text.I2C_WaitOnTXEFlagUntilTimeout)
    MX_ADC1_Init                             0x08001d9d   Thumb Code    86  main.o(.text.MX_ADC1_Init)
    [Anonymous Symbol]                       0x08001d9c   Section        0  main.o(.text.MX_ADC1_Init)
    MX_GPIO_Init                             0x08001df5   Thumb Code   214  main.o(.text.MX_GPIO_Init)
    [Anonymous Symbol]                       0x08001df4   Section        0  main.o(.text.MX_GPIO_Init)
    MX_I2C1_Init                             0x08001ecd   Thumb Code    62  main.o(.text.MX_I2C1_Init)
    [Anonymous Symbol]                       0x08001ecc   Section        0  main.o(.text.MX_I2C1_Init)
    [Anonymous Symbol]                       0x08001f0c   Section        0  stm32f1xx_it.o(.text.MemManage_Handler)
    [Anonymous Symbol]                       0x08001f10   Section        0  stm32f1xx_it.o(.text.NMI_Handler)
    NVIC_EncodePriority                      0x08001f15   Thumb Code    44  stm32f1xx_hal_cortex.o(.text.NVIC_EncodePriority)
    [Anonymous Symbol]                       0x08001f14   Section        0  stm32f1xx_hal_cortex.o(.text.NVIC_EncodePriority)
    [Anonymous Symbol]                       0x08001f40   Section        0  stm32f1xx_it.o(.text.PendSV_Handler)
    RCC_Delay                                0x08001f45   Thumb Code    44  stm32f1xx_hal_rcc.o(.text.RCC_Delay)
    [Anonymous Symbol]                       0x08001f44   Section        0  stm32f1xx_hal_rcc.o(.text.RCC_Delay)
    [Anonymous Symbol]                       0x08001f70   Section        0  stm32f1xx_it.o(.text.SVC_Handler)
    SysTick_Config                           0x08001f75   Thumb Code    46  stm32f1xx_hal_cortex.o(.text.SysTick_Config)
    [Anonymous Symbol]                       0x08001f74   Section        0  stm32f1xx_hal_cortex.o(.text.SysTick_Config)
    [Anonymous Symbol]                       0x08001fa4   Section        0  stm32f1xx_it.o(.text.SysTick_Handler)
    [Anonymous Symbol]                       0x08001fac   Section        0  main.o(.text.SystemClock_Config)
    [Anonymous Symbol]                       0x08002028   Section        0  system_stm32f1xx.o(.text.SystemInit)
    [Anonymous Symbol]                       0x0800202c   Section        0  stm32f1xx_it.o(.text.UsageFault_Handler)
    __NVIC_GetPriorityGrouping               0x08002031   Thumb Code    16  stm32f1xx_hal_cortex.o(.text.__NVIC_GetPriorityGrouping)
    [Anonymous Symbol]                       0x08002030   Section        0  stm32f1xx_hal_cortex.o(.text.__NVIC_GetPriorityGrouping)
    __NVIC_SetPriority                       0x08002041   Thumb Code    34  stm32f1xx_hal_cortex.o(.text.__NVIC_SetPriority)
    [Anonymous Symbol]                       0x08002040   Section        0  stm32f1xx_hal_cortex.o(.text.__NVIC_SetPriority)
    __NVIC_SetPriorityGrouping               0x08002065   Thumb Code    32  stm32f1xx_hal_cortex.o(.text.__NVIC_SetPriorityGrouping)
    [Anonymous Symbol]                       0x08002064   Section        0  stm32f1xx_hal_cortex.o(.text.__NVIC_SetPriorityGrouping)
    [Anonymous Symbol]                       0x08002084   Section        0  main.o(.text.adc_getValue)
    [Anonymous Symbol]                       0x08002110   Section        0  main.o(.text.main)
    [Anonymous Symbol]                       0x080022a0   Section        0  main.o(.text.max)
    [Anonymous Symbol]                       0x080022a8   Section        0  oled.o(.text.oled_clear)
    [Anonymous Symbol]                       0x080022e0   Section        0  oled.o(.text.oled_clear_specific_area)
    oled_cmd                                 0x080022f1   Thumb Code    48  oled.o(.text.oled_cmd)
    [Anonymous Symbol]                       0x080022f0   Section        0  oled.o(.text.oled_cmd)
    oled_data                                0x08002321   Thumb Code    48  oled.o(.text.oled_data)
    [Anonymous Symbol]                       0x08002320   Section        0  oled.o(.text.oled_data)
    [Anonymous Symbol]                       0x08002350   Section        0  oled.o(.text.oled_full)
    [Anonymous Symbol]                       0x0800238c   Section        0  oled.o(.text.oled_init)
    oled_origin                              0x08002445   Thumb Code    34  oled.o(.text.oled_origin)
    [Anonymous Symbol]                       0x08002444   Section        0  oled.o(.text.oled_origin)
    [Anonymous Symbol]                       0x08002468   Section        0  oled.o(.text.oled_show_character)
    [Anonymous Symbol]                       0x080024c4   Section        0  oled.o(.text.oled_show_string)
    [Anonymous Symbol]                       0x080025c4   Section        0  main.o(.text.ring_beep)
    [Anonymous Symbol]                       0x080025ec   Section        0  main.o(.text.scan)
    [Anonymous Symbol]                       0x0800285c   Section        0  panels.o(.text.show_price_choose)
    [Anonymous Symbol]                       0x0800297c   Section        0  panels.o(.text.show_scale)
    [Anonymous Symbol]                       0x08002a20   Section        0  main.o(.text.stop_beep)
    i.__0sprintf                             0x08002a48   Section        0  printfa.o(i.__0sprintf)
    i.__scatterload_copy                     0x08002a70   Section       14  handlers.o(i.__scatterload_copy)
    i.__scatterload_null                     0x08002a7e   Section        2  handlers.o(i.__scatterload_null)
    i.__scatterload_zeroinit                 0x08002a80   Section       14  handlers.o(i.__scatterload_zeroinit)
    _fp_digits                               0x08002a91   Thumb Code   366  printfa.o(i._fp_digits)
    i._fp_digits                             0x08002a90   Section        0  printfa.o(i._fp_digits)
    _printf_core                             0x08002c15   Thumb Code  1744  printfa.o(i._printf_core)
    i._printf_core                           0x08002c14   Section        0  printfa.o(i._printf_core)
    _printf_post_padding                     0x080032f1   Thumb Code    36  printfa.o(i._printf_post_padding)
    i._printf_post_padding                   0x080032f0   Section        0  printfa.o(i._printf_post_padding)
    _printf_pre_padding                      0x08003315   Thumb Code    46  printfa.o(i._printf_pre_padding)
    i._printf_pre_padding                    0x08003314   Section        0  printfa.o(i._printf_pre_padding)
    _sputc                                   0x08003343   Thumb Code    10  printfa.o(i._sputc)
    i._sputc                                 0x08003342   Section        0  printfa.o(i._sputc)
    i.fmax                                   0x0800334c   Section        0  fmax.o(i.fmax)
    STACK                                    0x200000d8   Section     1024  startup_stm32f103xb.o(STACK)

    Global Symbols

    Symbol Name                              Value     Ov Type        Size  Object(Section)

    BuildAttributes$$THM_ISAv4$P$D$K$B$S$PE$A:L22UL41UL21$X:L11$S22US41US21$IEEE1$IW$~IW$USESV6$~STKCKD$USESV7$~SHL$OTIME$ROPI$IEEEJ$EBA8$MICROLIB$REQ8$PRES8$EABIv2 0x00000000   Number         0  anon$$obj.o ABSOLUTE
    _printf_a                                0x00000000   Number         0  printfstubs.o ABSOLUTE
    _printf_c                                0x00000000   Number         0  printfstubs.o ABSOLUTE
    _printf_charcount                        0x00000000   Number         0  printfstubs.o ABSOLUTE
    _printf_d                                0x00000000   Number         0  printfstubs.o ABSOLUTE
    _printf_e                                0x00000000   Number         0  printfstubs.o ABSOLUTE
    _printf_f                                0x00000000   Number         0  printfstubs.o ABSOLUTE
    _printf_flags                            0x00000000   Number         0  printfstubs.o ABSOLUTE
    _printf_fp_dec                           0x00000000   Number         0  printfstubs.o ABSOLUTE
    _printf_fp_hex                           0x00000000   Number         0  printfstubs.o ABSOLUTE
    _printf_g                                0x00000000   Number         0  printfstubs.o ABSOLUTE
    _printf_i                                0x00000000   Number         0  printfstubs.o ABSOLUTE
    _printf_int_dec                          0x00000000   Number         0  printfstubs.o ABSOLUTE
    _printf_l                                0x00000000   Number         0  printfstubs.o ABSOLUTE
    _printf_lc                               0x00000000   Number         0  printfstubs.o ABSOLUTE
    _printf_ll                               0x00000000   Number         0  printfstubs.o ABSOLUTE
    _printf_lld                              0x00000000   Number         0  printfstubs.o ABSOLUTE
    _printf_lli                              0x00000000   Number         0  printfstubs.o ABSOLUTE
    _printf_llo                              0x00000000   Number         0  printfstubs.o ABSOLUTE
    _printf_llu                              0x00000000   Number         0  printfstubs.o ABSOLUTE
    _printf_llx                              0x00000000   Number         0  printfstubs.o ABSOLUTE
    _printf_longlong_dec                     0x00000000   Number         0  printfstubs.o ABSOLUTE
    _printf_longlong_hex                     0x00000000   Number         0  printfstubs.o ABSOLUTE
    _printf_longlong_oct                     0x00000000   Number         0  printfstubs.o ABSOLUTE
    _printf_ls                               0x00000000   Number         0  printfstubs.o ABSOLUTE
    _printf_mbtowc                           0x00000000   Number         0  printfstubs.o ABSOLUTE
    _printf_n                                0x00000000   Number         0  printfstubs.o ABSOLUTE
    _printf_o                                0x00000000   Number         0  printfstubs.o ABSOLUTE
    _printf_p                                0x00000000   Number         0  printfstubs.o ABSOLUTE
    _printf_percent                          0x00000000   Number         0  printfstubs.o ABSOLUTE
    _printf_pre_padding                      0x00000000   Number         0  printfstubs.o ABSOLUTE
    _printf_return_value                     0x00000000   Number         0  printfstubs.o ABSOLUTE
    _printf_s                                0x00000000   Number         0  printfstubs.o ABSOLUTE
    _printf_sizespec                         0x00000000   Number         0  printfstubs.o ABSOLUTE
    _printf_str                              0x00000000   Number         0  printfstubs.o ABSOLUTE
    _printf_truncate_signed                  0x00000000   Number         0  printfstubs.o ABSOLUTE
    _printf_truncate_unsigned                0x00000000   Number         0  printfstubs.o ABSOLUTE
    _printf_u                                0x00000000   Number         0  printfstubs.o ABSOLUTE
    _printf_wc                               0x00000000   Number         0  printfstubs.o ABSOLUTE
    _printf_wctomb                           0x00000000   Number         0  printfstubs.o ABSOLUTE
    _printf_widthprec                        0x00000000   Number         0  printfstubs.o ABSOLUTE
    _printf_x                                0x00000000   Number         0  printfstubs.o ABSOLUTE
    __cpp_initialize__aeabi_                  - Undefined Weak Reference
    __cxa_finalize                            - Undefined Weak Reference
    __decompress                              - Undefined Weak Reference
    _clock_init                               - Undefined Weak Reference
    _microlib_exit                            - Undefined Weak Reference
    __Vectors_Size                           0x000000ec   Number         0  startup_stm32f103xb.o ABSOLUTE
    __Vectors                                0x08000000   Data           4  startup_stm32f103xb.o(RESET)
    __Vectors_End                            0x080000ec   Data           0  startup_stm32f103xb.o(RESET)
    __main                                   0x080000ed   Thumb Code     0  entry.o(.ARM.Collect$$$$00000000)
    _main_stk                                0x080000ed   Thumb Code     0  entry2.o(.ARM.Collect$$$$00000001)
    _main_scatterload                        0x080000f1   Thumb Code     0  entry5.o(.ARM.Collect$$$$00000004)
    __main_after_scatterload                 0x080000f5   Thumb Code     0  entry5.o(.ARM.Collect$$$$00000004)
    _main_clock                              0x080000f5   Thumb Code     0  entry7b.o(.ARM.Collect$$$$00000008)
    _main_cpp_init                           0x080000f5   Thumb Code     0  entry8b.o(.ARM.Collect$$$$0000000A)
    _main_init                               0x080000f5   Thumb Code     0  entry9a.o(.ARM.Collect$$$$0000000B)
    __rt_final_cpp                           0x080000fd   Thumb Code     0  entry10a.o(.ARM.Collect$$$$0000000D)
    __rt_final_exit                          0x080000fd   Thumb Code     0  entry11a.o(.ARM.Collect$$$$0000000F)
    Reset_Handler                            0x08000101   Thumb Code     8  startup_stm32f103xb.o(.text)
    ADC1_2_IRQHandler                        0x0800011b   Thumb Code     0  startup_stm32f103xb.o(.text)
    CAN1_RX1_IRQHandler                      0x0800011b   Thumb Code     0  startup_stm32f103xb.o(.text)
    CAN1_SCE_IRQHandler                      0x0800011b   Thumb Code     0  startup_stm32f103xb.o(.text)
    DMA1_Channel1_IRQHandler                 0x0800011b   Thumb Code     0  startup_stm32f103xb.o(.text)
    DMA1_Channel2_IRQHandler                 0x0800011b   Thumb Code     0  startup_stm32f103xb.o(.text)
    DMA1_Channel3_IRQHandler                 0x0800011b   Thumb Code     0  startup_stm32f103xb.o(.text)
    DMA1_Channel4_IRQHandler                 0x0800011b   Thumb Code     0  startup_stm32f103xb.o(.text)
    DMA1_Channel5_IRQHandler                 0x0800011b   Thumb Code     0  startup_stm32f103xb.o(.text)
    DMA1_Channel6_IRQHandler                 0x0800011b   Thumb Code     0  startup_stm32f103xb.o(.text)
    DMA1_Channel7_IRQHandler                 0x0800011b   Thumb Code     0  startup_stm32f103xb.o(.text)
    EXTI0_IRQHandler                         0x0800011b   Thumb Code     0  startup_stm32f103xb.o(.text)
    EXTI15_10_IRQHandler                     0x0800011b   Thumb Code     0  startup_stm32f103xb.o(.text)
    EXTI1_IRQHandler                         0x0800011b   Thumb Code     0  startup_stm32f103xb.o(.text)
    EXTI2_IRQHandler                         0x0800011b   Thumb Code     0  startup_stm32f103xb.o(.text)
    EXTI3_IRQHandler                         0x0800011b   Thumb Code     0  startup_stm32f103xb.o(.text)
    EXTI4_IRQHandler                         0x0800011b   Thumb Code     0  startup_stm32f103xb.o(.text)
    EXTI9_5_IRQHandler                       0x0800011b   Thumb Code     0  startup_stm32f103xb.o(.text)
    FLASH_IRQHandler                         0x0800011b   Thumb Code     0  startup_stm32f103xb.o(.text)
    I2C1_ER_IRQHandler                       0x0800011b   Thumb Code     0  startup_stm32f103xb.o(.text)
    I2C1_EV_IRQHandler                       0x0800011b   Thumb Code     0  startup_stm32f103xb.o(.text)
    I2C2_ER_IRQHandler                       0x0800011b   Thumb Code     0  startup_stm32f103xb.o(.text)
    I2C2_EV_IRQHandler                       0x0800011b   Thumb Code     0  startup_stm32f103xb.o(.text)
    PVD_IRQHandler                           0x0800011b   Thumb Code     0  startup_stm32f103xb.o(.text)
    RCC_IRQHandler                           0x0800011b   Thumb Code     0  startup_stm32f103xb.o(.text)
    RTC_Alarm_IRQHandler                     0x0800011b   Thumb Code     0  startup_stm32f103xb.o(.text)
    RTC_IRQHandler                           0x0800011b   Thumb Code     0  startup_stm32f103xb.o(.text)
    SPI1_IRQHandler                          0x0800011b   Thumb Code     0  startup_stm32f103xb.o(.text)
    SPI2_IRQHandler                          0x0800011b   Thumb Code     0  startup_stm32f103xb.o(.text)
    TAMPER_IRQHandler                        0x0800011b   Thumb Code     0  startup_stm32f103xb.o(.text)
    TIM1_BRK_IRQHandler                      0x0800011b   Thumb Code     0  startup_stm32f103xb.o(.text)
    TIM1_CC_IRQHandler                       0x0800011b   Thumb Code     0  startup_stm32f103xb.o(.text)
    TIM1_TRG_COM_IRQHandler                  0x0800011b   Thumb Code     0  startup_stm32f103xb.o(.text)
    TIM1_UP_IRQHandler                       0x0800011b   Thumb Code     0  startup_stm32f103xb.o(.text)
    TIM2_IRQHandler                          0x0800011b   Thumb Code     0  startup_stm32f103xb.o(.text)
    TIM3_IRQHandler                          0x0800011b   Thumb Code     0  startup_stm32f103xb.o(.text)
    TIM4_IRQHandler                          0x0800011b   Thumb Code     0  startup_stm32f103xb.o(.text)
    USART1_IRQHandler                        0x0800011b   Thumb Code     0  startup_stm32f103xb.o(.text)
    USART2_IRQHandler                        0x0800011b   Thumb Code     0  startup_stm32f103xb.o(.text)
    USART3_IRQHandler                        0x0800011b   Thumb Code     0  startup_stm32f103xb.o(.text)
    USBWakeUp_IRQHandler                     0x0800011b   Thumb Code     0  startup_stm32f103xb.o(.text)
    USB_HP_CAN1_TX_IRQHandler                0x0800011b   Thumb Code     0  startup_stm32f103xb.o(.text)
    USB_LP_CAN1_RX0_IRQHandler               0x0800011b   Thumb Code     0  startup_stm32f103xb.o(.text)
    WWDG_IRQHandler                          0x0800011b   Thumb Code     0  startup_stm32f103xb.o(.text)
    __aeabi_memset                           0x08000125   Thumb Code    14  memseta.o(.text)
    __aeabi_memset4                          0x08000125   Thumb Code     0  memseta.o(.text)
    __aeabi_memset8                          0x08000125   Thumb Code     0  memseta.o(.text)
    __aeabi_memclr                           0x08000133   Thumb Code     4  memseta.o(.text)
    __aeabi_memclr4                          0x08000133   Thumb Code     0  memseta.o(.text)
    __aeabi_memclr8                          0x08000133   Thumb Code     0  memseta.o(.text)
    _memset$wrapper                          0x08000137   Thumb Code    18  memseta.o(.text)
    __aeabi_dadd                             0x08000149   Thumb Code   322  dadd.o(.text)
    __aeabi_dsub                             0x0800028b   Thumb Code     6  dadd.o(.text)
    __aeabi_drsub                            0x08000291   Thumb Code     6  dadd.o(.text)
    __aeabi_dmul                             0x08000297   Thumb Code   228  dmul.o(.text)
    __aeabi_dcmple                           0x0800037b   Thumb Code    54  dcmple.o(.text)
    __aeabi_ui2d                             0x080003b1   Thumb Code    26  dfltui.o(.text)
    __aeabi_uidiv                            0x080003cb   Thumb Code     0  uidiv.o(.text)
    __aeabi_uidivmod                         0x080003cb   Thumb Code    44  uidiv.o(.text)
    __aeabi_uldivmod                         0x080003f7   Thumb Code    98  uldiv.o(.text)
    __aeabi_llsl                             0x08000459   Thumb Code    30  llshl.o(.text)
    _ll_shift_l                              0x08000459   Thumb Code     0  llshl.o(.text)
    __aeabi_lasr                             0x08000477   Thumb Code    36  llsshr.o(.text)
    _ll_sshift_r                             0x08000477   Thumb Code     0  llsshr.o(.text)
    __I$use$fp                               0x0800049b   Thumb Code     0  iusefp.o(.text)
    _double_round                            0x0800049b   Thumb Code    30  depilogue.o(.text)
    _double_epilogue                         0x080004b9   Thumb Code   156  depilogue.o(.text)
    __aeabi_ddiv                             0x08000555   Thumb Code   222  ddiv.o(.text)
    __aeabi_d2ulz                            0x08000633   Thumb Code    48  dfixul.o(.text)
    __aeabi_cdrcmple                         0x08000665   Thumb Code    48  cdrcmple.o(.text)
    __ARM_dcmp4                              0x08000695   Thumb Code    94  dcmp4.o(.text)
    _dcmp4                                   0x08000695   Thumb Code     0  dcmp4.o(.text)
    __scatterload                            0x080006f5   Thumb Code    28  init.o(.text)
    __scatterload_rt2                        0x080006f5   Thumb Code     0  init.o(.text)
    __aeabi_llsr                             0x08000719   Thumb Code    32  llushr.o(.text)
    _ll_ushift_r                             0x08000719   Thumb Code     0  llushr.o(.text)
    ADC_ConversionStop_Disable               0x08000739   Thumb Code    86  stm32f1xx_hal_adc.o(.text.ADC_ConversionStop_Disable)
    ADC_Enable                               0x08000791   Thumb Code   146  stm32f1xx_hal_adc.o(.text.ADC_Enable)
    BusFault_Handler                         0x08000825   Thumb Code     2  stm32f1xx_it.o(.text.BusFault_Handler)
    DebugMon_Handler                         0x08000829   Thumb Code     2  stm32f1xx_it.o(.text.DebugMon_Handler)
    Error_Handler                            0x0800082d   Thumb Code    10  main.o(.text.Error_Handler)
    HAL_ADC_ConfigChannel                    0x08000839   Thumb Code   270  stm32f1xx_hal_adc.o(.text.HAL_ADC_ConfigChannel)
    HAL_ADC_GetValue                         0x08000949   Thumb Code     6  stm32f1xx_hal_adc.o(.text.HAL_ADC_GetValue)
    HAL_ADC_Init                             0x08000951   Thumb Code   280  stm32f1xx_hal_adc.o(.text.HAL_ADC_Init)
    HAL_ADC_MspInit                          0x08000a69   Thumb Code   102  stm32f1xx_hal_msp.o(.text.HAL_ADC_MspInit)
    HAL_ADC_PollForConversion                0x08000ad1   Thumb Code   396  stm32f1xx_hal_adc.o(.text.HAL_ADC_PollForConversion)
    HAL_ADC_Start                            0x08000c5d   Thumb Code   222  stm32f1xx_hal_adc.o(.text.HAL_ADC_Start)
    HAL_Delay                                0x08000d3d   Thumb Code    40  stm32f1xx_hal.o(.text.HAL_Delay)
    HAL_GPIO_Init                            0x08000d65   Thumb Code   506  stm32f1xx_hal_gpio.o(.text.HAL_GPIO_Init)
    HAL_GPIO_ReadPin                         0x08000f61   Thumb Code    10  stm32f1xx_hal_gpio.o(.text.HAL_GPIO_ReadPin)
    HAL_GPIO_WritePin                        0x08000f6d   Thumb Code    10  stm32f1xx_hal_gpio.o(.text.HAL_GPIO_WritePin)
    HAL_GetTick                              0x08000f79   Thumb Code    12  stm32f1xx_hal.o(.text.HAL_GetTick)
    HAL_I2C_Init                             0x08000f85   Thumb Code   408  stm32f1xx_hal_i2c.o(.text.HAL_I2C_Init)
    HAL_I2C_Mem_Write                        0x0800111d   Thumb Code   298  stm32f1xx_hal_i2c.o(.text.HAL_I2C_Mem_Write)
    HAL_I2C_MspInit                          0x08001249   Thumb Code   104  stm32f1xx_hal_msp.o(.text.HAL_I2C_MspInit)
    HAL_IncTick                              0x080012b1   Thumb Code    26  stm32f1xx_hal.o(.text.HAL_IncTick)
    HAL_Init                                 0x080012cd   Thumb Code    38  stm32f1xx_hal.o(.text.HAL_Init)
    HAL_InitTick                             0x080012f5   Thumb Code    80  stm32f1xx_hal.o(.text.HAL_InitTick)
    HAL_MspInit                              0x08001345   Thumb Code    66  stm32f1xx_hal_msp.o(.text.HAL_MspInit)
    HAL_NVIC_SetPriority                     0x08001389   Thumb Code    30  stm32f1xx_hal_cortex.o(.text.HAL_NVIC_SetPriority)
    HAL_NVIC_SetPriorityGrouping             0x080013a9   Thumb Code     8  stm32f1xx_hal_cortex.o(.text.HAL_NVIC_SetPriorityGrouping)
    HAL_RCCEx_GetPeriphCLKFreq               0x080013b1   Thumb Code   224  stm32f1xx_hal_rcc_ex.o(.text.HAL_RCCEx_GetPeriphCLKFreq)
    HAL_RCCEx_PeriphCLKConfig                0x080014a5   Thumb Code   262  stm32f1xx_hal_rcc_ex.o(.text.HAL_RCCEx_PeriphCLKConfig)
    HAL_RCC_ClockConfig                      0x080015ad   Thumb Code   372  stm32f1xx_hal_rcc.o(.text.HAL_RCC_ClockConfig)
    HAL_RCC_GetHCLKFreq                      0x08001721   Thumb Code    12  stm32f1xx_hal_rcc.o(.text.HAL_RCC_GetHCLKFreq)
    HAL_RCC_GetPCLK1Freq                     0x0800172d   Thumb Code    34  stm32f1xx_hal_rcc.o(.text.HAL_RCC_GetPCLK1Freq)
    HAL_RCC_GetPCLK2Freq                     0x08001751   Thumb Code    34  stm32f1xx_hal_rcc.o(.text.HAL_RCC_GetPCLK2Freq)
    HAL_RCC_GetSysClockFreq                  0x08001775   Thumb Code    76  stm32f1xx_hal_rcc.o(.text.HAL_RCC_GetSysClockFreq)
    HAL_RCC_OscConfig                        0x080017d5   Thumb Code   780  stm32f1xx_hal_rcc.o(.text.HAL_RCC_OscConfig)
    HAL_SYSTICK_Config                       0x08001ae1   Thumb Code     8  stm32f1xx_hal_cortex.o(.text.HAL_SYSTICK_Config)
    HardFault_Handler                        0x08001ae9   Thumb Code     2  stm32f1xx_it.o(.text.HardFault_Handler)
    MemManage_Handler                        0x08001f0d   Thumb Code     2  stm32f1xx_it.o(.text.MemManage_Handler)
    NMI_Handler                              0x08001f11   Thumb Code     2  stm32f1xx_it.o(.text.NMI_Handler)
    PendSV_Handler                           0x08001f41   Thumb Code     2  stm32f1xx_it.o(.text.PendSV_Handler)
    SVC_Handler                              0x08001f71   Thumb Code     2  stm32f1xx_it.o(.text.SVC_Handler)
    SysTick_Handler                          0x08001fa5   Thumb Code     8  stm32f1xx_it.o(.text.SysTick_Handler)
    SystemClock_Config                       0x08001fad   Thumb Code   122  main.o(.text.SystemClock_Config)
    SystemInit                               0x08002029   Thumb Code     2  system_stm32f1xx.o(.text.SystemInit)
    UsageFault_Handler                       0x0800202d   Thumb Code     2  stm32f1xx_it.o(.text.UsageFault_Handler)
    adc_getValue                             0x08002085   Thumb Code   138  main.o(.text.adc_getValue)
    main                                     0x08002111   Thumb Code   364  main.o(.text.main)
    max                                      0x080022a1   Thumb Code     8  main.o(.text.max)
    oled_clear                               0x080022a9   Thumb Code    56  oled.o(.text.oled_clear)
    oled_clear_specific_area                 0x080022e1   Thumb Code    12  oled.o(.text.oled_clear_specific_area)
    oled_full                                0x08002351   Thumb Code    60  oled.o(.text.oled_full)
    oled_init                                0x0800238d   Thumb Code   184  oled.o(.text.oled_init)
    oled_show_character                      0x08002469   Thumb Code    92  oled.o(.text.oled_show_character)
    oled_show_string                         0x080024c5   Thumb Code   254  oled.o(.text.oled_show_string)
    ring_beep                                0x080025c5   Thumb Code    40  main.o(.text.ring_beep)
    scan                                     0x080025ed   Thumb Code   624  main.o(.text.scan)
    show_price_choose                        0x0800285d   Thumb Code   264  panels.o(.text.show_price_choose)
    show_scale                               0x0800297d   Thumb Code   164  panels.o(.text.show_scale)
    stop_beep                                0x08002a21   Thumb Code    40  main.o(.text.stop_beep)
    __0sprintf                               0x08002a49   Thumb Code    34  printfa.o(i.__0sprintf)
    __1sprintf                               0x08002a49   Thumb Code     0  printfa.o(i.__0sprintf)
    __2sprintf                               0x08002a49   Thumb Code     0  printfa.o(i.__0sprintf)
    __c89sprintf                             0x08002a49   Thumb Code     0  printfa.o(i.__0sprintf)
    sprintf                                  0x08002a49   Thumb Code     0  printfa.o(i.__0sprintf)
    __scatterload_copy                       0x08002a71   Thumb Code    14  handlers.o(i.__scatterload_copy)
    __scatterload_null                       0x08002a7f   Thumb Code     2  handlers.o(i.__scatterload_null)
    __scatterload_zeroinit                   0x08002a81   Thumb Code    14  handlers.o(i.__scatterload_zeroinit)
    fmax                                     0x0800334d   Thumb Code    66  fmax.o(i.fmax)
    AHBPrescTable                            0x0800338e   Data          16  system_stm32f1xx.o(.rodata.AHBPrescTable)
    APBPrescTable                            0x0800339e   Data           8  system_stm32f1xx.o(.rodata.APBPrescTable)
    F6x8                                     0x080033a6   Data         552  oled.o(.rodata.F6x8)
    F8X16                                    0x080035ce   Data        1520  oled.o(.rodata.F8X16)
    chn16X16                                 0x08003bbe   Data         640  oled.o(.rodata.chn16X16)
    price_apple                              0x08003e40   Data           8  panels.o(.rodata.price_apple)
    price_rawegg                             0x08003e48   Data           8  panels.o(.rodata.price_rawegg)
    price_watermelon                         0x08003e50   Data           8  panels.o(.rodata.price_watermelon)
    Region$$Table$$Base                      0x08003e58   Number         0  anon$$obj.o(Region$$Table)
    Region$$Table$$Limit                     0x08003e78   Number         0  anon$$obj.o(Region$$Table)
    SystemCoreClock                          0x20000000   Data           4  system_stm32f1xx.o(.data.SystemCoreClock)
    uwTickFreq                               0x20000004   Data           1  stm32f1xx_hal.o(.data.uwTickFreq)
    uwTickPrio                               0x20000008   Data           4  stm32f1xx_hal.o(.data.uwTickPrio)
    adc_on                                   0x20000010   Data           1  main.o(.bss.adc_on)
    adc_success                              0x20000011   Data           1  main.o(.bss.adc_success)
    adc_value                                0x20000014   Data           4  main.o(.bss.adc_value)
    adc_volt                                 0x20000018   Data           4  main.o(.bss.adc_volt)
    chosen_fruit                             0x2000001c   Data           4  panels.o(.bss.chosen_fruit)
    hadc1                                    0x20000020   Data          48  main.o(.bss.hadc1)
    hi2c1                                    0x20000050   Data          84  main.o(.bss.hi2c1)
    interface                                0x200000a4   Data           4  panels.o(.bss.interface)
    res                                      0x200000a8   Data          30  main.o(.bss.res)
    ringing                                  0x200000c6   Data           1  main.o(.bss.ringing)
    skin                                     0x200000c8   Data           8  main.o(.bss.skin)
    uwTick                                   0x200000d0   Data           4  stm32f1xx_hal.o(.bss.uwTick)
    __initial_sp                             0x200004d8   Data           0  startup_stm32f103xb.o(STACK)



==============================================================================

Memory Map of the image

  Image Entry point : 0x080000ed

  Load Region LR_IROM1 (Base: 0x08000000, Size: 0x00003e88, Max: 0x00010000, ABSOLUTE)

    Execution Region ER_IROM1 (Exec base: 0x08000000, Load base: 0x08000000, Size: 0x00003e78, Max: 0x00010000, ABSOLUTE)

    Exec Addr    Load Addr    Size         Type   Attr      Idx    E Section Name        Object

    0x08000000   0x08000000   0x000000ec   Data   RO            3    RESET               startup_stm32f103xb.o
    0x080000ec   0x080000ec   0x00000000   Code   RO          826  * .ARM.Collect$$$$00000000  mc_w.l(entry.o)
    0x080000ec   0x080000ec   0x00000004   Code   RO         1100    .ARM.Collect$$$$00000001  mc_w.l(entry2.o)
    0x080000f0   0x080000f0   0x00000004   Code   RO         1103    .ARM.Collect$$$$00000004  mc_w.l(entry5.o)
    0x080000f4   0x080000f4   0x00000000   Code   RO         1105    .ARM.Collect$$$$00000008  mc_w.l(entry7b.o)
    0x080000f4   0x080000f4   0x00000000   Code   RO         1107    .ARM.Collect$$$$0000000A  mc_w.l(entry8b.o)
    0x080000f4   0x080000f4   0x00000008   Code   RO         1108    .ARM.Collect$$$$0000000B  mc_w.l(entry9a.o)
    0x080000fc   0x080000fc   0x00000000   Code   RO         1110    .ARM.Collect$$$$0000000D  mc_w.l(entry10a.o)
    0x080000fc   0x080000fc   0x00000000   Code   RO         1112    .ARM.Collect$$$$0000000F  mc_w.l(entry11a.o)
    0x080000fc   0x080000fc   0x00000004   Code   RO         1101    .ARM.Collect$$$$00002712  mc_w.l(entry2.o)
    0x08000100   0x08000100   0x00000024   Code   RO            4    .text               startup_stm32f103xb.o
    0x08000124   0x08000124   0x00000024   Code   RO          829    .text               mc_w.l(memseta.o)
    0x08000148   0x08000148   0x0000014e   Code   RO         1092    .text               mf_w.l(dadd.o)
    0x08000296   0x08000296   0x000000e4   Code   RO         1094    .text               mf_w.l(dmul.o)
    0x0800037a   0x0800037a   0x00000036   Code   RO         1096    .text               mf_w.l(dcmple.o)
    0x080003b0   0x080003b0   0x0000001a   Code   RO         1098    .text               mf_w.l(dfltui.o)
    0x080003ca   0x080003ca   0x0000002c   Code   RO         1128    .text               mc_w.l(uidiv.o)
    0x080003f6   0x080003f6   0x00000062   Code   RO         1130    .text               mc_w.l(uldiv.o)
    0x08000458   0x08000458   0x0000001e   Code   RO         1132    .text               mc_w.l(llshl.o)
    0x08000476   0x08000476   0x00000024   Code   RO         1134    .text               mc_w.l(llsshr.o)
    0x0800049a   0x0800049a   0x00000000   Code   RO         1136    .text               mc_w.l(iusefp.o)
    0x0800049a   0x0800049a   0x000000ba   Code   RO         1137    .text               mf_w.l(depilogue.o)
    0x08000554   0x08000554   0x000000de   Code   RO         1139    .text               mf_w.l(ddiv.o)
    0x08000632   0x08000632   0x00000030   Code   RO         1141    .text               mf_w.l(dfixul.o)
    0x08000662   0x08000662   0x00000002   PAD
    0x08000664   0x08000664   0x00000030   Code   RO         1143    .text               mf_w.l(cdrcmple.o)
    0x08000694   0x08000694   0x0000005e   Code   RO         1145    .text               mf_w.l(dcmp4.o)
    0x080006f2   0x080006f2   0x00000002   PAD
    0x080006f4   0x080006f4   0x00000024   Code   RO         1147    .text               mc_w.l(init.o)
    0x08000718   0x08000718   0x00000020   Code   RO         1150    .text               mc_w.l(llushr.o)
    0x08000738   0x08000738   0x00000056   Code   RO          114    .text.ADC_ConversionStop_Disable  stm32f1xx_hal_adc.o
    0x0800078e   0x0800078e   0x00000002   PAD
    0x08000790   0x08000790   0x00000092   Code   RO          122    .text.ADC_Enable    stm32f1xx_hal_adc.o
    0x08000822   0x08000822   0x00000002   PAD
    0x08000824   0x08000824   0x00000002   Code   RO           59    .text.BusFault_Handler  stm32f1xx_it.o
    0x08000826   0x08000826   0x00000002   PAD
    0x08000828   0x08000828   0x00000002   Code   RO           65    .text.DebugMon_Handler  stm32f1xx_it.o
    0x0800082a   0x0800082a   0x00000002   PAD
    0x0800082c   0x0800082c   0x0000000a   Code   RO           33    .text.Error_Handler  main.o
    0x08000836   0x08000836   0x00000002   PAD
    0x08000838   0x08000838   0x0000010e   Code   RO          156    .text.HAL_ADC_ConfigChannel  stm32f1xx_hal_adc.o
    0x08000946   0x08000946   0x00000002   PAD
    0x08000948   0x08000948   0x00000006   Code   RO          144    .text.HAL_ADC_GetValue  stm32f1xx_hal_adc.o
    0x0800094e   0x0800094e   0x00000002   PAD
    0x08000950   0x08000950   0x00000118   Code   RO          110    .text.HAL_ADC_Init  stm32f1xx_hal_adc.o
    0x08000a68   0x08000a68   0x00000066   Code   RO           80    .text.HAL_ADC_MspInit  stm32f1xx_hal_msp.o
    0x08000ace   0x08000ace   0x00000002   PAD
    0x08000ad0   0x08000ad0   0x0000018c   Code   RO          126    .text.HAL_ADC_PollForConversion  stm32f1xx_hal_adc.o
    0x08000c5c   0x08000c5c   0x000000de   Code   RO          120    .text.HAL_ADC_Start  stm32f1xx_hal_adc.o
    0x08000d3a   0x08000d3a   0x00000002   PAD
    0x08000d3c   0x08000d3c   0x00000028   Code   RO          226    .text.HAL_Delay     stm32f1xx_hal.o
    0x08000d64   0x08000d64   0x000001fa   Code   RO          319    .text.HAL_GPIO_Init  stm32f1xx_hal_gpio.o
    0x08000f5e   0x08000f5e   0x00000002   PAD
    0x08000f60   0x08000f60   0x0000000a   Code   RO          323    .text.HAL_GPIO_ReadPin  stm32f1xx_hal_gpio.o
    0x08000f6a   0x08000f6a   0x00000002   PAD
    0x08000f6c   0x08000f6c   0x0000000a   Code   RO          325    .text.HAL_GPIO_WritePin  stm32f1xx_hal_gpio.o
    0x08000f76   0x08000f76   0x00000002   PAD
    0x08000f78   0x08000f78   0x0000000c   Code   RO          218    .text.HAL_GetTick   stm32f1xx_hal.o
    0x08000f84   0x08000f84   0x00000198   Code   RO          590    .text.HAL_I2C_Init  stm32f1xx_hal_i2c.o
    0x0800111c   0x0800111c   0x0000012a   Code   RO          640    .text.HAL_I2C_Mem_Write  stm32f1xx_hal_i2c.o
    0x08001246   0x08001246   0x00000002   PAD
    0x08001248   0x08001248   0x00000068   Code   RO           84    .text.HAL_I2C_MspInit  stm32f1xx_hal_msp.o
    0x080012b0   0x080012b0   0x0000001a   Code   RO          216    .text.HAL_IncTick   stm32f1xx_hal.o
    0x080012ca   0x080012ca   0x00000002   PAD
    0x080012cc   0x080012cc   0x00000026   Code   RO          206    .text.HAL_Init      stm32f1xx_hal.o
    0x080012f2   0x080012f2   0x00000002   PAD
    0x080012f4   0x080012f4   0x00000050   Code   RO          208    .text.HAL_InitTick  stm32f1xx_hal.o
    0x08001344   0x08001344   0x00000042   Code   RO           78    .text.HAL_MspInit   stm32f1xx_hal_msp.o
    0x08001386   0x08001386   0x00000002   PAD
    0x08001388   0x08001388   0x0000001e   Code   RO          381    .text.HAL_NVIC_SetPriority  stm32f1xx_hal_cortex.o
    0x080013a6   0x080013a6   0x00000002   PAD
    0x080013a8   0x080013a8   0x00000008   Code   RO          377    .text.HAL_NVIC_SetPriorityGrouping  stm32f1xx_hal_cortex.o
    0x080013b0   0x080013b0   0x000000f4   Code   RO          309    .text.HAL_RCCEx_GetPeriphCLKFreq  stm32f1xx_hal_rcc_ex.o
    0x080014a4   0x080014a4   0x00000106   Code   RO          305    .text.HAL_RCCEx_PeriphCLKConfig  stm32f1xx_hal_rcc_ex.o
    0x080015aa   0x080015aa   0x00000002   PAD
    0x080015ac   0x080015ac   0x00000174   Code   RO          273    .text.HAL_RCC_ClockConfig  stm32f1xx_hal_rcc.o
    0x08001720   0x08001720   0x0000000c   Code   RO          283    .text.HAL_RCC_GetHCLKFreq  stm32f1xx_hal_rcc.o
    0x0800172c   0x0800172c   0x00000022   Code   RO          285    .text.HAL_RCC_GetPCLK1Freq  stm32f1xx_hal_rcc.o
    0x0800174e   0x0800174e   0x00000002   PAD
    0x08001750   0x08001750   0x00000022   Code   RO          287    .text.HAL_RCC_GetPCLK2Freq  stm32f1xx_hal_rcc.o
    0x08001772   0x08001772   0x00000002   PAD
    0x08001774   0x08001774   0x00000060   Code   RO          275    .text.HAL_RCC_GetSysClockFreq  stm32f1xx_hal_rcc.o
    0x080017d4   0x080017d4   0x0000030c   Code   RO          269    .text.HAL_RCC_OscConfig  stm32f1xx_hal_rcc.o
    0x08001ae0   0x08001ae0   0x00000008   Code   RO          401    .text.HAL_SYSTICK_Config  stm32f1xx_hal_cortex.o
    0x08001ae8   0x08001ae8   0x00000002   Code   RO           55    .text.HardFault_Handler  stm32f1xx_it.o
    0x08001aea   0x08001aea   0x00000002   PAD
    0x08001aec   0x08001aec   0x00000030   Code   RO          750    .text.I2C_IsAcknowledgeFailed  stm32f1xx_hal_i2c.o
    0x08001b1c   0x08001b1c   0x000000c0   Code   RO          642    .text.I2C_RequestMemoryWrite  stm32f1xx_hal_i2c.o
    0x08001bdc   0x08001bdc   0x0000005e   Code   RO          606    .text.I2C_WaitOnBTFFlagUntilTimeout  stm32f1xx_hal_i2c.o
    0x08001c3a   0x08001c3a   0x00000002   PAD
    0x08001c3c   0x08001c3c   0x00000074   Code   RO          600    .text.I2C_WaitOnFlagUntilTimeout  stm32f1xx_hal_i2c.o
    0x08001cb0   0x08001cb0   0x0000008c   Code   RO          748    .text.I2C_WaitOnMasterAddressFlagUntilTimeout  stm32f1xx_hal_i2c.o
    0x08001d3c   0x08001d3c   0x0000005e   Code   RO          604    .text.I2C_WaitOnTXEFlagUntilTimeout  stm32f1xx_hal_i2c.o
    0x08001d9a   0x08001d9a   0x00000002   PAD
    0x08001d9c   0x08001d9c   0x00000056   Code   RO           31    .text.MX_ADC1_Init  main.o
    0x08001df2   0x08001df2   0x00000002   PAD
    0x08001df4   0x08001df4   0x000000d6   Code   RO           27    .text.MX_GPIO_Init  main.o
    0x08001eca   0x08001eca   0x00000002   PAD
    0x08001ecc   0x08001ecc   0x0000003e   Code   RO           29    .text.MX_I2C1_Init  main.o
    0x08001f0a   0x08001f0a   0x00000002   PAD
    0x08001f0c   0x08001f0c   0x00000002   Code   RO           57    .text.MemManage_Handler  stm32f1xx_it.o
    0x08001f0e   0x08001f0e   0x00000002   PAD
    0x08001f10   0x08001f10   0x00000002   Code   RO           53    .text.NMI_Handler   stm32f1xx_it.o
    0x08001f12   0x08001f12   0x00000002   PAD
    0x08001f14   0x08001f14   0x0000002c   Code   RO          387    .text.NVIC_EncodePriority  stm32f1xx_hal_cortex.o
    0x08001f40   0x08001f40   0x00000002   Code   RO           67    .text.PendSV_Handler  stm32f1xx_it.o
    0x08001f42   0x08001f42   0x00000002   PAD
    0x08001f44   0x08001f44   0x0000002c   Code   RO          271    .text.RCC_Delay     stm32f1xx_hal_rcc.o
    0x08001f70   0x08001f70   0x00000002   Code   RO           63    .text.SVC_Handler   stm32f1xx_it.o
    0x08001f72   0x08001f72   0x00000002   PAD
    0x08001f74   0x08001f74   0x0000002e   Code   RO          403    .text.SysTick_Config  stm32f1xx_hal_cortex.o
    0x08001fa2   0x08001fa2   0x00000002   PAD
    0x08001fa4   0x08001fa4   0x00000008   Code   RO           69    .text.SysTick_Handler  stm32f1xx_it.o
    0x08001fac   0x08001fac   0x0000007a   Code   RO           25    .text.SystemClock_Config  main.o
    0x08002026   0x08002026   0x00000002   PAD
    0x08002028   0x08002028   0x00000002   Code   RO          762    .text.SystemInit    system_stm32f1xx.o
    0x0800202a   0x0800202a   0x00000002   PAD
    0x0800202c   0x0800202c   0x00000002   Code   RO           61    .text.UsageFault_Handler  stm32f1xx_it.o
    0x0800202e   0x0800202e   0x00000002   PAD
    0x08002030   0x08002030   0x00000010   Code   RO          383    .text.__NVIC_GetPriorityGrouping  stm32f1xx_hal_cortex.o
    0x08002040   0x08002040   0x00000022   Code   RO          385    .text.__NVIC_SetPriority  stm32f1xx_hal_cortex.o
    0x08002062   0x08002062   0x00000002   PAD
    0x08002064   0x08002064   0x00000020   Code   RO          379    .text.__NVIC_SetPriorityGrouping  stm32f1xx_hal_cortex.o
    0x08002084   0x08002084   0x0000008a   Code   RO           19    .text.adc_getValue  main.o
    0x0800210e   0x0800210e   0x00000002   PAD
    0x08002110   0x08002110   0x00000190   Code   RO           23    .text.main          main.o
    0x080022a0   0x080022a0   0x00000008   Code   RO           13    .text.max           main.o
    0x080022a8   0x080022a8   0x00000038   Code   RO          777    .text.oled_clear    oled.o
    0x080022e0   0x080022e0   0x00000010   Code   RO          795    .text.oled_clear_specific_area  oled.o
    0x080022f0   0x080022f0   0x00000030   Code   RO          779    .text.oled_cmd      oled.o
    0x08002320   0x08002320   0x00000030   Code   RO          781    .text.oled_data     oled.o
    0x08002350   0x08002350   0x0000003c   Code   RO          783    .text.oled_full     oled.o
    0x0800238c   0x0800238c   0x000000b8   Code   RO          785    .text.oled_init     oled.o
    0x08002444   0x08002444   0x00000022   Code   RO          789    .text.oled_origin   oled.o
    0x08002466   0x08002466   0x00000002   PAD
    0x08002468   0x08002468   0x0000005c   Code   RO          793    .text.oled_show_character  oled.o
    0x080024c4   0x080024c4   0x000000fe   Code   RO          787    .text.oled_show_string  oled.o
    0x080025c2   0x080025c2   0x00000002   PAD
    0x080025c4   0x080025c4   0x00000028   Code   RO           15    .text.ring_beep     main.o
    0x080025ec   0x080025ec   0x00000270   Code   RO           21    .text.scan          main.o
    0x0800285c   0x0800285c   0x00000120   Code   RO          809    .text.show_price_choose  panels.o
    0x0800297c   0x0800297c   0x000000a4   Code   RO          811    .text.show_scale    panels.o
    0x08002a20   0x08002a20   0x00000028   Code   RO           17    .text.stop_beep     main.o
    0x08002a48   0x08002a48   0x00000028   Code   RO         1066    i.__0sprintf        mc_w.l(printfa.o)
    0x08002a70   0x08002a70   0x0000000e   Code   RO         1155    i.__scatterload_copy  mc_w.l(handlers.o)
    0x08002a7e   0x08002a7e   0x00000002   Code   RO         1156    i.__scatterload_null  mc_w.l(handlers.o)
    0x08002a80   0x08002a80   0x0000000e   Code   RO         1157    i.__scatterload_zeroinit  mc_w.l(handlers.o)
    0x08002a8e   0x08002a8e   0x00000002   PAD
    0x08002a90   0x08002a90   0x00000184   Code   RO         1071    i._fp_digits        mc_w.l(printfa.o)
    0x08002c14   0x08002c14   0x000006dc   Code   RO         1072    i._printf_core      mc_w.l(printfa.o)
    0x080032f0   0x080032f0   0x00000024   Code   RO         1073    i._printf_post_padding  mc_w.l(printfa.o)
    0x08003314   0x08003314   0x0000002e   Code   RO         1074    i._printf_pre_padding  mc_w.l(printfa.o)
    0x08003342   0x08003342   0x0000000a   Code   RO         1076    i._sputc            mc_w.l(printfa.o)
    0x0800334c   0x0800334c   0x00000042   Code   RO          824    i.fmax              m_ws.l(fmax.o)
    0x0800338e   0x0800338e   0x00000010   Data   RO          767    .rodata.AHBPrescTable  system_stm32f1xx.o
    0x0800339e   0x0800339e   0x00000008   Data   RO          768    .rodata.APBPrescTable  system_stm32f1xx.o
    0x080033a6   0x080033a6   0x00000228   Data   RO          797    .rodata.F6x8        oled.o
    0x080035ce   0x080035ce   0x000005f0   Data   RO          798    .rodata.F8X16       oled.o
    0x08003bbe   0x08003bbe   0x00000280   Data   RO          799    .rodata.chn16X16    oled.o
    0x08003e3e   0x08003e3e   0x00000002   PAD
    0x08003e40   0x08003e40   0x00000008   Data   RO          814    .rodata.price_apple  panels.o
    0x08003e48   0x08003e48   0x00000008   Data   RO          815    .rodata.price_rawegg  panels.o
    0x08003e50   0x08003e50   0x00000008   Data   RO          813    .rodata.price_watermelon  panels.o
    0x08003e58   0x08003e58   0x00000020   Data   RO         1154    Region$$Table       anon$$obj.o


    Execution Region RW_IRAM1 (Exec base: 0x20000000, Load base: 0x08003e78, Size: 0x000004d8, Max: 0x00005000, ABSOLUTE)

    Exec Addr    Load Addr    Size         Type   Attr      Idx    E Section Name        Object

    0x20000000   0x08003e78   0x00000004   Data   RW          766    .data.SystemCoreClock  system_stm32f1xx.o
    0x20000004   0x08003e7c   0x00000001   Data   RW          257    .data.uwTickFreq    stm32f1xx_hal.o
    0x20000005   0x08003e7d   0x00000003   PAD
    0x20000008   0x08003e80   0x00000004   Data   RW          256    .data.uwTickPrio    stm32f1xx_hal.o
    0x2000000c   0x08003e84   0x00000004   PAD
    0x20000010        -       0x00000001   Zero   RW           39    .bss.adc_on         main.o
    0x20000011        -       0x00000001   Zero   RW           37    .bss.adc_success    main.o
    0x20000012   0x08003e84   0x00000002   PAD
    0x20000014        -       0x00000004   Zero   RW           35    .bss.adc_value      main.o
    0x20000018        -       0x00000004   Zero   RW           36    .bss.adc_volt       main.o
    0x2000001c        -       0x00000004   Zero   RW          816    .bss.chosen_fruit   panels.o
    0x20000020        -       0x00000030   Zero   RW           40    .bss.hadc1          main.o
    0x20000050        -       0x00000054   Zero   RW           43    .bss.hi2c1          main.o
    0x200000a4        -       0x00000004   Zero   RW          817    .bss.interface      panels.o
    0x200000a8        -       0x0000001e   Zero   RW           42    .bss.res            main.o
    0x200000c6        -       0x00000001   Zero   RW           38    .bss.ringing        main.o
    0x200000c7   0x08003e84   0x00000001   PAD
    0x200000c8        -       0x00000008   Zero   RW           41    .bss.skin           main.o
    0x200000d0        -       0x00000004   Zero   RW          258    .bss.uwTick         stm32f1xx_hal.o
    0x200000d4   0x08003e84   0x00000004   PAD
    0x200000d8        -       0x00000400   Zero   RW            1    STACK               startup_stm32f103xb.o


==============================================================================

Image component sizes


      Code (inc. data)   RO Data    RW Data    ZI Data      Debug   Object Name

      1744         36          0          0        181       8504   main.o
       792          4       2712          0          0       4919   oled.o
       452         24         24          0          8        825   panels.o
        36          8        236          0       1024        752   startup_stm32f103xb.o
       196          0          0          5          4       5701   stm32f1xx_hal.o
      1406          0          0          0          0      11026   stm32f1xx_hal_adc.o
       218          0          0          0          0       8676   stm32f1xx_hal_cortex.o
       526         20          0          0          0       4632   stm32f1xx_hal_gpio.o
      1390          0          0          0          0      39538   stm32f1xx_hal_i2c.o
       272          0          0          0          0       5787   stm32f1xx_hal_msp.o
      1372         20          0          0          0       7000   stm32f1xx_hal_rcc.o
       506         20          0          0          0       3505   stm32f1xx_hal_rcc_ex.o
        24          0          0          0          0        985   stm32f1xx_it.o
         2          0         24          4          0       1587   system_stm32f1xx.o

    ----------------------------------------------------------------------
      9012        132       3030         12       1228     103437   Object Totals
         0          0         32          0          0          0   (incl. Generated)
        76          0          2          3         11          0   (incl. Padding)

    ----------------------------------------------------------------------

      Code (inc. data)   RO Data    RW Data    ZI Data      Debug   Library Member Name

        66          0          0          0          0         84   fmax.o
         0          0          0          0          0          0   entry.o
         0          0          0          0          0          0   entry10a.o
         0          0          0          0          0          0   entry11a.o
         8          4          0          0          0          0   entry2.o
         4          0          0          0          0          0   entry5.o
         0          0          0          0          0          0   entry7b.o
         0          0          0          0          0          0   entry8b.o
         8          4          0          0          0          0   entry9a.o
        30          0          0          0          0          0   handlers.o
        36          8          0          0          0         68   init.o
         0          0          0          0          0          0   iusefp.o
        30          0          0          0          0         68   llshl.o
        36          0          0          0          0         68   llsshr.o
        32          0          0          0          0         68   llushr.o
        36          0          0          0          0        108   memseta.o
      2276         86          0          0          0        520   printfa.o
        44          0          0          0          0         80   uidiv.o
        98          0          0          0          0         92   uldiv.o
        48          0          0          0          0         68   cdrcmple.o
       334          0          0          0          0        148   dadd.o
        94          0          0          0          0         80   dcmp4.o
        54          0          0          0          0         80   dcmple.o
       222          0          0          0          0        100   ddiv.o
       186          0          0          0          0        176   depilogue.o
        48          0          0          0          0         68   dfixul.o
        26          0          0          0          0         76   dfltui.o
       228          0          0          0          0         96   dmul.o

    ----------------------------------------------------------------------
      3950        102          0          0          0       2048   Library Totals
         6          0          0          0          0          0   (incl. Padding)

    ----------------------------------------------------------------------

      Code (inc. data)   RO Data    RW Data    ZI Data      Debug   Library Name

        66          0          0          0          0         84   m_ws.l
      2638        102          0          0          0       1072   mc_w.l
      1240          0          0          0          0        892   mf_w.l

    ----------------------------------------------------------------------
      3950        102          0          0          0       2048   Library Totals

    ----------------------------------------------------------------------

==============================================================================


      Code (inc. data)   RO Data    RW Data    ZI Data      Debug   

     12962        234       3030         12       1228     104305   Grand Totals
     12962        234       3030         12       1228     104305   ELF Image Totals
     12962        234       3030         12          0          0   ROM Totals

==============================================================================

    Total RO  Size (Code + RO Data)                15992 (  15.62kB)
    Total RW  Size (RW Data + ZI Data)              1240 (   1.21kB)
    Total ROM Size (Code + RO Data + RW Data)      16004 (  15.63kB)

==============================================================================

